Archive member included to satisfy reference by file (symbol)

C:/Software/arm-gnu-toolchain/bin/../lib/gcc/arm-none-eabi/13.3.1/thumb/v6-m/nofp\libgcc.a(_udivsi3.o)
                              CMakeFiles/NFC_Card.elf.dir/Core/Src/system_stm32l0xx.c.obj (__aeabi_uidiv)
C:/Software/arm-gnu-toolchain/bin/../lib/gcc/arm-none-eabi/13.3.1/thumb/v6-m/nofp\libgcc.a(_dvmd_tls.o)
                              C:/Software/arm-gnu-toolchain/bin/../lib/gcc/arm-none-eabi/13.3.1/thumb/v6-m/nofp\libgcc.a(_udivsi3.o) (__aeabi_idiv0)
C:/Software/arm-gnu-toolchain/bin/../lib/gcc/arm-none-eabi/13.3.1/thumb/v6-m/nofp\libgcc.a(_aeabi_uldivmod.o)
                              CMakeFiles/NFC_Card.elf.dir/Drivers/STM32L0xx_HAL_Driver/Src/stm32l0xx_hal_rcc.c.obj (__aeabi_uldivmod)
C:/Software/arm-gnu-toolchain/bin/../lib/gcc/arm-none-eabi/13.3.1/thumb/v6-m/nofp\libgcc.a(_muldi3.o)
                              CMakeFiles/NFC_Card.elf.dir/Drivers/STM32L0xx_HAL_Driver/Src/stm32l0xx_hal_rcc.c.obj (__aeabi_lmul)
C:/Software/arm-gnu-toolchain/bin/../lib/gcc/arm-none-eabi/13.3.1/thumb/v6-m/nofp\libgcc.a(_udivmoddi4.o)
                              C:/Software/arm-gnu-toolchain/bin/../lib/gcc/arm-none-eabi/13.3.1/thumb/v6-m/nofp\libgcc.a(_aeabi_uldivmod.o) (__udivmoddi4)
C:/Software/arm-gnu-toolchain/bin/../lib/gcc/arm-none-eabi/13.3.1/thumb/v6-m/nofp\libgcc.a(_clzdi2.o)
                              C:/Software/arm-gnu-toolchain/bin/../lib/gcc/arm-none-eabi/13.3.1/thumb/v6-m/nofp\libgcc.a(_udivmoddi4.o) (__clzdi2)
C:/Software/arm-gnu-toolchain/bin/../lib/gcc/arm-none-eabi/13.3.1/thumb/v6-m/nofp\libgcc.a(_clzsi2.o)
                              C:/Software/arm-gnu-toolchain/bin/../lib/gcc/arm-none-eabi/13.3.1/thumb/v6-m/nofp\libgcc.a(_clzdi2.o) (__clzsi2)
C:/Software/arm-gnu-toolchain/bin/../lib/gcc/arm-none-eabi/13.3.1/thumb/v6-m/nofp\libg.a(libc_a-exit.o)
                              C:/Software/arm-gnu-toolchain/bin/../lib/gcc/arm-none-eabi/13.3.1/thumb/v6-m/nofp/crt0.o (exit)
C:/Software/arm-gnu-toolchain/bin/../lib/gcc/arm-none-eabi/13.3.1/thumb/v6-m/nofp\libg.a(libc_a-findfp.o)
                              C:/Software/arm-gnu-toolchain/bin/../lib/gcc/arm-none-eabi/13.3.1/thumb/v6-m/nofp\libg.a(libc_a-exit.o) (__stdio_exit_handler)
C:/Software/arm-gnu-toolchain/bin/../lib/gcc/arm-none-eabi/13.3.1/thumb/v6-m/nofp\libg.a(libc_a-fwalk.o)
                              C:/Software/arm-gnu-toolchain/bin/../lib/gcc/arm-none-eabi/13.3.1/thumb/v6-m/nofp\libg.a(libc_a-findfp.o) (_fwalk_sglue)
C:/Software/arm-gnu-toolchain/bin/../lib/gcc/arm-none-eabi/13.3.1/thumb/v6-m/nofp\libg.a(libc_a-stdio.o)
                              C:/Software/arm-gnu-toolchain/bin/../lib/gcc/arm-none-eabi/13.3.1/thumb/v6-m/nofp\libg.a(libc_a-findfp.o) (__sread)
C:/Software/arm-gnu-toolchain/bin/../lib/gcc/arm-none-eabi/13.3.1/thumb/v6-m/nofp\libg.a(libc_a-vsprintf.o)
                              CMakeFiles/NFC_Card.elf.dir/Drivers/BSP/print.c.obj (vsprintf)
C:/Software/arm-gnu-toolchain/bin/../lib/gcc/arm-none-eabi/13.3.1/thumb/v6-m/nofp\libg.a(libc_a-memset.o)
                              C:/Software/arm-gnu-toolchain/bin/../lib/gcc/arm-none-eabi/13.3.1/thumb/v6-m/nofp/crt0.o (memset)
C:/Software/arm-gnu-toolchain/bin/../lib/gcc/arm-none-eabi/13.3.1/thumb/v6-m/nofp\libg.a(libc_a-closer.o)
                              C:/Software/arm-gnu-toolchain/bin/../lib/gcc/arm-none-eabi/13.3.1/thumb/v6-m/nofp\libg.a(libc_a-stdio.o) (_close_r)
C:/Software/arm-gnu-toolchain/bin/../lib/gcc/arm-none-eabi/13.3.1/thumb/v6-m/nofp\libg.a(libc_a-reent.o)
                              C:/Software/arm-gnu-toolchain/bin/../lib/gcc/arm-none-eabi/13.3.1/thumb/v6-m/nofp\libg.a(libc_a-closer.o) (errno)
C:/Software/arm-gnu-toolchain/bin/../lib/gcc/arm-none-eabi/13.3.1/thumb/v6-m/nofp\libg.a(libc_a-impure.o)
                              C:/Software/arm-gnu-toolchain/bin/../lib/gcc/arm-none-eabi/13.3.1/thumb/v6-m/nofp\libg.a(libc_a-vsprintf.o) (_impure_ptr)
C:/Software/arm-gnu-toolchain/bin/../lib/gcc/arm-none-eabi/13.3.1/thumb/v6-m/nofp\libg.a(libc_a-lseekr.o)
                              C:/Software/arm-gnu-toolchain/bin/../lib/gcc/arm-none-eabi/13.3.1/thumb/v6-m/nofp\libg.a(libc_a-stdio.o) (_lseek_r)
C:/Software/arm-gnu-toolchain/bin/../lib/gcc/arm-none-eabi/13.3.1/thumb/v6-m/nofp\libg.a(libc_a-readr.o)
                              C:/Software/arm-gnu-toolchain/bin/../lib/gcc/arm-none-eabi/13.3.1/thumb/v6-m/nofp\libg.a(libc_a-stdio.o) (_read_r)
C:/Software/arm-gnu-toolchain/bin/../lib/gcc/arm-none-eabi/13.3.1/thumb/v6-m/nofp\libg.a(libc_a-writer.o)
                              C:/Software/arm-gnu-toolchain/bin/../lib/gcc/arm-none-eabi/13.3.1/thumb/v6-m/nofp\libg.a(libc_a-stdio.o) (_write_r)
C:/Software/arm-gnu-toolchain/bin/../lib/gcc/arm-none-eabi/13.3.1/thumb/v6-m/nofp\libg.a(libc_a-errno.o)
                              CMakeFiles/NFC_Card.elf.dir/Core/Src/syscalls.c.obj (__errno)
[...]
Memory Configuration

Name             Origin             Length             Attributes
RAM              0x20000000         0x00002000         xrw
FLASH            0x08000000         0x00010000         xr
*default*        0x00000000         0xffffffff

Linker script and memory map

LOAD C:/Software/arm-gnu-toolchain/bin/../lib/gcc/arm-none-eabi/13.3.1/thumb/v6-m/nofp/crti.o
LOAD C:/Software/arm-gnu-toolchain/bin/../lib/gcc/arm-none-eabi/13.3.1/thumb/v6-m/nofp/crtbegin.o
LOAD C:/Software/arm-gnu-toolchain/bin/../lib/gcc/arm-none-eabi/13.3.1/thumb/v6-m/nofp/crt0.o
LOAD CMakeFiles/NFC_Card.elf.dir/Core/Src/gpio.c.obj
LOAD CMakeFiles/NFC_Card.elf.dir/Core/Src/i2c.c.obj
LOAD CMakeFiles/NFC_Card.elf.dir/Core/Src/main.c.obj
LOAD CMakeFiles/NFC_Card.elf.dir/Core/Src/stm32l0xx_hal_msp.c.obj
LOAD CMakeFiles/NFC_Card.elf.dir/Core/Src/stm32l0xx_it.c.obj
LOAD CMakeFiles/NFC_Card.elf.dir/Core/Src/syscalls.c.obj
LOAD CMakeFiles/NFC_Card.elf.dir/Core/Src/sysmem.c.obj
LOAD CMakeFiles/NFC_Card.elf.dir/Core/Src/system_stm32l0xx.c.obj
LOAD CMakeFiles/NFC_Card.elf.dir/Core/Src/usart.c.obj
LOAD CMakeFiles/NFC_Card.elf.dir/Core/Startup/startup_stm32l051k8ux.s.obj
LOAD CMakeFiles/NFC_Card.elf.dir/Drivers/BSP/E-Paper/oled.c.obj
LOAD CMakeFiles/NFC_Card.elf.dir/Drivers/BSP/print.c.obj
LOAD CMakeFiles/NFC_Card.elf.dir/Drivers/STM32L0xx_HAL_Driver/Src/stm32l0xx_hal.c.obj
LOAD CMakeFiles/NFC_Card.elf.dir/Drivers/STM32L0xx_HAL_Driver/Src/stm32l0xx_hal_cortex.c.obj
LOAD CMakeFiles/NFC_Card.elf.dir/Drivers/STM32L0xx_HAL_Driver/Src/stm32l0xx_hal_dma.c.obj
LOAD CMakeFiles/NFC_Card.elf.dir/Drivers/STM32L0xx_HAL_Driver/Src/stm32l0xx_hal_exti.c.obj
LOAD CMakeFiles/NFC_Card.elf.dir/Drivers/STM32L0xx_HAL_Driver/Src/stm32l0xx_hal_flash.c.obj
LOAD CMakeFiles/NFC_Card.elf.dir/Drivers/STM32L0xx_HAL_Driver/Src/stm32l0xx_hal_flash_ex.c.obj
LOAD CMakeFiles/NFC_Card.elf.dir/Drivers/STM32L0xx_HAL_Driver/Src/stm32l0xx_hal_flash_ramfunc.c.obj
LOAD CMakeFiles/NFC_Card.elf.dir/Drivers/STM32L0xx_HAL_Driver/Src/stm32l0xx_hal_gpio.c.obj
LOAD CMakeFiles/NFC_Card.elf.dir/Drivers/STM32L0xx_HAL_Driver/Src/stm32l0xx_hal_i2c.c.obj
LOAD CMakeFiles/NFC_Card.elf.dir/Drivers/STM32L0xx_HAL_Driver/Src/stm32l0xx_hal_i2c_ex.c.obj
LOAD CMakeFiles/NFC_Card.elf.dir/Drivers/STM32L0xx_HAL_Driver/Src/stm32l0xx_hal_pwr.c.obj
LOAD CMakeFiles/NFC_Card.elf.dir/Drivers/STM32L0xx_HAL_Driver/Src/stm32l0xx_hal_pwr_ex.c.obj
LOAD CMakeFiles/NFC_Card.elf.dir/Drivers/STM32L0xx_HAL_Driver/Src/stm32l0xx_hal_rcc.c.obj
LOAD CMakeFiles/NFC_Card.elf.dir/Drivers/STM32L0xx_HAL_Driver/Src/stm32l0xx_hal_rcc_ex.c.obj
LOAD CMakeFiles/NFC_Card.elf.dir/Drivers/STM32L0xx_HAL_Driver/Src/stm32l0xx_hal_tim.c.obj
LOAD CMakeFiles/NFC_Card.elf.dir/Drivers/STM32L0xx_HAL_Driver/Src/stm32l0xx_hal_tim_ex.c.obj
LOAD CMakeFiles/NFC_Card.elf.dir/Drivers/STM32L0xx_HAL_Driver/Src/stm32l0xx_hal_uart.c.obj
LOAD CMakeFiles/NFC_Card.elf.dir/Drivers/STM32L0xx_HAL_Driver/Src/stm32l0xx_hal_uart_ex.c.obj
START GROUP
LOAD C:/Software/arm-gnu-toolchain/bin/../lib/gcc/arm-none-eabi/13.3.1/thumb/v6-m/nofp\libgcc.a
LOAD C:/Software/arm-gnu-toolchain/bin/../lib/gcc/arm-none-eabi/13.3.1/thumb/v6-m/nofp\libg.a
LOAD C:/Software/arm-gnu-toolchain/bin/../lib/gcc/arm-none-eabi/13.3.1/thumb/v6-m/nofp\libc.a
END GROUP
LOAD C:/Software/arm-gnu-toolchain/bin/../lib/gcc/arm-none-eabi/13.3.1/thumb/v6-m/nofp/crtend.o
LOAD C:/Software/arm-gnu-toolchain/bin/../lib/gcc/arm-none-eabi/13.3.1/thumb/v6-m/nofp/crtn.o
                0x20002000                        _estack = (ORIGIN (RAM) + LENGTH (RAM))
                0x00000200                        _Min_Heap_Size = 0x200
                0x00000400                        _Min_Stack_Size = 0x400

.isr_vector     0x08000000       0xc0
                0x08000000                        . = ALIGN (0x4)
 *(.isr_vector)
 .isr_vector    0x08000000       0xc0 CMakeFiles/NFC_Card.elf.dir/Core/Startup/startup_stm32l051k8ux.s.obj
                0x08000000                g_pfnVectors
                0x080000c0                        . = ALIGN (0x4)

.text           0x080000c0     0x21c0
                0x080000c0                        . = ALIGN (0x4)
 *(.text)
 .text          0x080000c0      0x114 C:/Software/arm-gnu-toolchain/bin/../lib/gcc/arm-none-eabi/13.3.1/thumb/v6-m/nofp\libgcc.a(_udivsi3.o)
                0x080000c0                __aeabi_uidiv
                0x080000c0                __udivsi3
                0x080001cc                __aeabi_uidivmod
 .text          0x080001d4        0x4 C:/Software/arm-gnu-toolchain/bin/../lib/gcc/arm-none-eabi/13.3.1/thumb/v6-m/nofp\libgcc.a(_dvmd_tls.o)
                0x080001d4                __aeabi_idiv0
                0x080001d4                __aeabi_ldiv0
 .text          0x080001d8       0x40 C:/Software/arm-gnu-toolchain/bin/../lib/gcc/arm-none-eabi/13.3.1/thumb/v6-m/nofp\libgcc.a(_aeabi_uldivmod.o)
                0x080001d8                __aeabi_uldivmod
 .text          0x08000218       0x18 C:/Software/arm-gnu-toolchain/bin/../lib/gcc/arm-none-eabi/13.3.1/thumb/v6-m/nofp\libgcc.a(_clzdi2.o)
                0x08000218                __clzdi2
 .text          0x08000230       0x3c C:/Software/arm-gnu-toolchain/bin/../lib/gcc/arm-none-eabi/13.3.1/thumb/v6-m/nofp\libgcc.a(_clzsi2.o)
                0x08000230                __clzsi2
 *(.text*)
 .text.deregister_tm_clones
                0x0800026c       0x20 C:/Software/arm-gnu-toolchain/bin/../lib/gcc/arm-none-eabi/13.3.1/thumb/v6-m/nofp/crtbegin.o
 .text.register_tm_clones
                0x0800028c       0x28 C:/Software/arm-gnu-toolchain/bin/../lib/gcc/arm-none-eabi/13.3.1/thumb/v6-m/nofp/crtbegin.o
 .text.__do_global_dtors_aux
                0x080002b4       0x2c C:/Software/arm-gnu-toolchain/bin/../lib/gcc/arm-none-eabi/13.3.1/thumb/v6-m/nofp/crtbegin.o
 .text.frame_dummy
                0x080002e0       0x24 C:/Software/arm-gnu-toolchain/bin/../lib/gcc/arm-none-eabi/13.3.1/thumb/v6-m/nofp/crtbegin.o
 .text.MX_GPIO_Init
                0x08000304       0xec CMakeFiles/NFC_Card.elf.dir/Core/Src/gpio.c.obj
                0x08000304                MX_GPIO_Init
 .text.MX_I2C1_Init
                0x080003f0       0x60 CMakeFiles/NFC_Card.elf.dir/Core/Src/i2c.c.obj
                0x080003f0                MX_I2C1_Init
 .text.HAL_I2C_MspInit
                0x08000450       0x60 CMakeFiles/NFC_Card.elf.dir/Core/Src/i2c.c.obj
                0x08000450                HAL_I2C_MspInit
 .text.Error_Handler
                0x080004b0        0x4 CMakeFiles/NFC_Card.elf.dir/Core/Src/main.c.obj
                0x080004b0                Error_Handler
 .text.SystemClock_Config
                0x080004b4       0x94 CMakeFiles/NFC_Card.elf.dir/Core/Src/main.c.obj
                0x080004b4                SystemClock_Config
 .text.main     0x08000548       0x78 CMakeFiles/NFC_Card.elf.dir/Core/Src/main.c.obj
                0x08000548                main
 .text.HAL_MspInit
                0x080005c0       0x1c CMakeFiles/NFC_Card.elf.dir/Core/Src/stm32l0xx_hal_msp.c.obj
                0x080005c0                HAL_MspInit
 .text.NMI_Handler
                0x080005dc        0x2 CMakeFiles/NFC_Card.elf.dir/Core/Src/stm32l0xx_it.c.obj
                0x080005dc                NMI_Handler
 .text.HardFault_Handler
                0x080005de        0x2 CMakeFiles/NFC_Card.elf.dir/Core/Src/stm32l0xx_it.c.obj
                0x080005de                HardFault_Handler
 .text.SVC_Handler
                0x080005e0        0x2 CMakeFiles/NFC_Card.elf.dir/Core/Src/stm32l0xx_it.c.obj
                0x080005e0                SVC_Handler
 .text.PendSV_Handler
                0x080005e2        0x2 CMakeFiles/NFC_Card.elf.dir/Core/Src/stm32l0xx_it.c.obj
                0x080005e2                PendSV_Handler
 .text.SysTick_Handler
                0x080005e4        0x8 CMakeFiles/NFC_Card.elf.dir/Core/Src/stm32l0xx_it.c.obj
                0x080005e4                SysTick_Handler
 .text.EXTI2_3_IRQHandler
                0x080005ec        0xa CMakeFiles/NFC_Card.elf.dir/Core/Src/stm32l0xx_it.c.obj
                0x080005ec                EXTI2_3_IRQHandler
 .text.EXTI4_15_IRQHandler
                0x080005f6        0xc CMakeFiles/NFC_Card.elf.dir/Core/Src/stm32l0xx_it.c.obj
                0x080005f6                EXTI4_15_IRQHandler
 *fill*         0x08000602        0x2 
 .text.HAL_GPIO_EXTI_Callback
                0x08000604       0x18 CMakeFiles/NFC_Card.elf.dir/Core/Src/stm32l0xx_it.c.obj
                0x08000604                HAL_GPIO_EXTI_Callback
 .text.SystemInit
                0x0800061c        0x2 CMakeFiles/NFC_Card.elf.dir/Core/Src/system_stm32l0xx.c.obj
                0x0800061c                SystemInit
 *fill*         0x0800061e        0x2 
 .text.MX_USART1_UART_Init
                0x08000620       0x3c CMakeFiles/NFC_Card.elf.dir/Core/Src/usart.c.obj
                0x08000620                MX_USART1_UART_Init
 .text.HAL_UART_MspInit
                0x0800065c       0x60 CMakeFiles/NFC_Card.elf.dir/Core/Src/usart.c.obj
                0x0800065c                HAL_UART_MspInit
 .text.Reset_Handler
                0x080006bc       0x50 CMakeFiles/NFC_Card.elf.dir/Core/Startup/startup_stm32l051k8ux.s.obj
                0x080006bc                Reset_Handler
 .text.Default_Handler
                0x0800070c        0x2 CMakeFiles/NFC_Card.elf.dir/Core/Startup/startup_stm32l051k8ux.s.obj
                0x0800070c                ADC1_COMP_IRQHandler
                0x0800070c                TIM6_IRQHandler
                0x0800070c                PVD_IRQHandler
                0x0800070c                I2C1_IRQHandler
                0x0800070c                SPI1_IRQHandler
                0x0800070c                I2C2_IRQHandler
                0x0800070c                RTC_IRQHandler
                0x0800070c                DMA1_Channel4_5_6_7_IRQHandler
                0x0800070c                RCC_IRQHandler
                0x0800070c                DMA1_Channel1_IRQHandler
                0x0800070c                Default_Handler
                0x0800070c                TIM22_IRQHandler
                0x0800070c                EXTI0_1_IRQHandler
                0x0800070c                SPI2_IRQHandler
                0x0800070c                TIM21_IRQHandler
                0x0800070c                WWDG_IRQHandler
                0x0800070c                LPUART1_IRQHandler
                0x0800070c                TIM2_IRQHandler
                0x0800070c                DMA1_Channel2_3_IRQHandler
                0x0800070c                USART2_IRQHandler
                0x0800070c                FLASH_IRQHandler
                0x0800070c                USART1_IRQHandler
                0x0800070c                LPTIM1_IRQHandler
 .text.OLED_WR_Bus
                0x0800070e       0x66 CMakeFiles/NFC_Card.elf.dir/Drivers/BSP/E-Paper/oled.c.obj
                0x0800070e                OLED_WR_Bus
 .text.OLED_WR_REG
                0x08000774       0x28 CMakeFiles/NFC_Card.elf.dir/Drivers/BSP/E-Paper/oled.c.obj
                0x08000774                OLED_WR_REG
 .text.OLED_WR_DATA8
                0x0800079c        0x8 CMakeFiles/NFC_Card.elf.dir/Drivers/BSP/E-Paper/oled.c.obj
                0x0800079c                OLED_WR_DATA8
 .text.Epaper_READBUSY
                0x080007a4       0x14 CMakeFiles/NFC_Card.elf.dir/Drivers/BSP/E-Paper/oled.c.obj
                0x080007a4                Epaper_READBUSY
 .text.EPD_Update
                0x080007b8       0x1a CMakeFiles/NFC_Card.elf.dir/Drivers/BSP/E-Paper/oled.c.obj
                0x080007b8                EPD_Update
 *fill*         0x080007d2        0x2 
 .text.OLED_GUIInit
                0x080007d4       0xc8 CMakeFiles/NFC_Card.elf.dir/Drivers/BSP/E-Paper/oled.c.obj
                0x080007d4                OLED_GUIInit
 .text.Paint_NewImage
                0x0800089c       0x44 CMakeFiles/NFC_Card.elf.dir/Drivers/BSP/E-Paper/oled.c.obj
                0x0800089c                Paint_NewImage
 .text.Paint_SetPixel
                0x080008e0       0x78 CMakeFiles/NFC_Card.elf.dir/Drivers/BSP/E-Paper/oled.c.obj
                0x080008e0                Paint_SetPixel
 .text.OLED_Clear
                0x08000958       0x30 CMakeFiles/NFC_Card.elf.dir/Drivers/BSP/E-Paper/oled.c.obj
                0x08000958                OLED_Clear
 .text.OLED_DrawPoint
                0x08000988        0xc CMakeFiles/NFC_Card.elf.dir/Drivers/BSP/E-Paper/oled.c.obj
                0x08000988                OLED_DrawPoint
 .text.OLED_Display
                0x08000994       0x2e CMakeFiles/NFC_Card.elf.dir/Drivers/BSP/E-Paper/oled.c.obj
                0x08000994                OLED_Display
 .text.OLED_ShowPicture
                0x080009c2       0xba CMakeFiles/NFC_Card.elf.dir/Drivers/BSP/E-Paper/oled.c.obj
                0x080009c2                OLED_ShowPicture
 .text.HAL_InitTick
                0x08000a7c       0x50 CMakeFiles/NFC_Card.elf.dir/Drivers/STM32L0xx_HAL_Driver/Src/stm32l0xx_hal.c.obj
                0x08000a7c                HAL_InitTick
 .text.HAL_Init
                0x08000acc       0x28 CMakeFiles/NFC_Card.elf.dir/Drivers/STM32L0xx_HAL_Driver/Src/stm32l0xx_hal.c.obj
                0x08000acc                HAL_Init
 .text.HAL_IncTick
                0x08000af4       0x18 CMakeFiles/NFC_Card.elf.dir/Drivers/STM32L0xx_HAL_Driver/Src/stm32l0xx_hal.c.obj
                0x08000af4                HAL_IncTick
 .text.HAL_GetTick
                0x08000b0c        0xc CMakeFiles/NFC_Card.elf.dir/Drivers/STM32L0xx_HAL_Driver/Src/stm32l0xx_hal.c.obj
                0x08000b0c                HAL_GetTick
 .text.HAL_Delay
                0x08000b18       0x24 CMakeFiles/NFC_Card.elf.dir/Drivers/STM32L0xx_HAL_Driver/Src/stm32l0xx_hal.c.obj
                0x08000b18                HAL_Delay
 .text.__NVIC_SetPriority
                0x08000b3c       0x60 CMakeFiles/NFC_Card.elf.dir/Drivers/STM32L0xx_HAL_Driver/Src/stm32l0xx_hal_cortex.c.obj
 .text.SysTick_Config
                0x08000b9c       0x38 CMakeFiles/NFC_Card.elf.dir/Drivers/STM32L0xx_HAL_Driver/Src/stm32l0xx_hal_cortex.c.obj
 .text.HAL_NVIC_SetPriority
                0x08000bd4        0x8 CMakeFiles/NFC_Card.elf.dir/Drivers/STM32L0xx_HAL_Driver/Src/stm32l0xx_hal_cortex.c.obj
                0x08000bd4                HAL_NVIC_SetPriority
 .text.HAL_NVIC_EnableIRQ
                0x08000bdc       0x18 CMakeFiles/NFC_Card.elf.dir/Drivers/STM32L0xx_HAL_Driver/Src/stm32l0xx_hal_cortex.c.obj
                0x08000bdc                HAL_NVIC_EnableIRQ
 .text.HAL_SYSTICK_Config
                0x08000bf4        0x8 CMakeFiles/NFC_Card.elf.dir/Drivers/STM32L0xx_HAL_Driver/Src/stm32l0xx_hal_cortex.c.obj
                0x08000bf4                HAL_SYSTICK_Config
 .text.HAL_GPIO_Init
                0x08000bfc      0x18c CMakeFiles/NFC_Card.elf.dir/Drivers/STM32L0xx_HAL_Driver/Src/stm32l0xx_hal_gpio.c.obj
                0x08000bfc                HAL_GPIO_Init
 .text.HAL_GPIO_ReadPin
                0x08000d88        0xe CMakeFiles/NFC_Card.elf.dir/Drivers/STM32L0xx_HAL_Driver/Src/stm32l0xx_hal_gpio.c.obj
                0x08000d88                HAL_GPIO_ReadPin
 .text.HAL_GPIO_WritePin
                0x08000d96        0xc CMakeFiles/NFC_Card.elf.dir/Drivers/STM32L0xx_HAL_Driver/Src/stm32l0xx_hal_gpio.c.obj
                0x08000d96                HAL_GPIO_WritePin
 *fill*         0x08000da2        0x2 
 .text.HAL_GPIO_EXTI_IRQHandler
                0x08000da4       0x1c CMakeFiles/NFC_Card.elf.dir/Drivers/STM32L0xx_HAL_Driver/Src/stm32l0xx_hal_gpio.c.obj
                0x08000da4                HAL_GPIO_EXTI_IRQHandler
 .text.HAL_I2C_Init
                0x08000dc0       0xcc CMakeFiles/NFC_Card.elf.dir/Drivers/STM32L0xx_HAL_Driver/Src/stm32l0xx_hal_i2c.c.obj
                0x08000dc0                HAL_I2C_Init
 .text.HAL_I2CEx_ConfigAnalogFilter
                0x08000e8c       0x58 CMakeFiles/NFC_Card.elf.dir/Drivers/STM32L0xx_HAL_Driver/Src/stm32l0xx_hal_i2c_ex.c.obj
                0x08000e8c                HAL_I2CEx_ConfigAnalogFilter
 .text.HAL_I2CEx_ConfigDigitalFilter
                0x08000ee4       0x54 CMakeFiles/NFC_Card.elf.dir/Drivers/STM32L0xx_HAL_Driver/Src/stm32l0xx_hal_i2c_ex.c.obj
                0x08000ee4                HAL_I2CEx_ConfigDigitalFilter
 .text.HAL_RCC_GetSysClockFreq
                0x08000f38       0xb0 CMakeFiles/NFC_Card.elf.dir/Drivers/STM32L0xx_HAL_Driver/Src/stm32l0xx_hal_rcc.c.obj
                0x08000f38                HAL_RCC_GetSysClockFreq
 .text.HAL_RCC_OscConfig
                0x08000fe8      0x50c CMakeFiles/NFC_Card.elf.dir/Drivers/STM32L0xx_HAL_Driver/Src/stm32l0xx_hal_rcc.c.obj
                0x08000fe8                HAL_RCC_OscConfig
 .text.HAL_RCC_ClockConfig
                0x080014f4      0x1d8 CMakeFiles/NFC_Card.elf.dir/Drivers/STM32L0xx_HAL_Driver/Src/stm32l0xx_hal_rcc.c.obj
                0x080014f4                HAL_RCC_ClockConfig
 .text.HAL_RCC_GetHCLKFreq
                0x080016cc        0xc CMakeFiles/NFC_Card.elf.dir/Drivers/STM32L0xx_HAL_Driver/Src/stm32l0xx_hal_rcc.c.obj
                0x080016cc                HAL_RCC_GetHCLKFreq
 .text.HAL_RCC_GetPCLK1Freq
                0x080016d8       0x20 CMakeFiles/NFC_Card.elf.dir/Drivers/STM32L0xx_HAL_Driver/Src/stm32l0xx_hal_rcc.c.obj
                0x080016d8                HAL_RCC_GetPCLK1Freq
 .text.HAL_RCC_GetPCLK2Freq
                0x080016f8       0x20 CMakeFiles/NFC_Card.elf.dir/Drivers/STM32L0xx_HAL_Driver/Src/stm32l0xx_hal_rcc.c.obj
                0x080016f8                HAL_RCC_GetPCLK2Freq
 .text.HAL_RCCEx_PeriphCLKConfig
                0x08001718      0x1b8 CMakeFiles/NFC_Card.elf.dir/Drivers/STM32L0xx_HAL_Driver/Src/stm32l0xx_hal_rcc_ex.c.obj
                0x08001718                HAL_RCCEx_PeriphCLKConfig
 .text.UART_EndRxTransfer
                0x080018d0       0x60 CMakeFiles/NFC_Card.elf.dir/Drivers/STM32L0xx_HAL_Driver/Src/stm32l0xx_hal_uart.c.obj
 .text.UART_SetConfig
                0x08001930      0x2a0 CMakeFiles/NFC_Card.elf.dir/Drivers/STM32L0xx_HAL_Driver/Src/stm32l0xx_hal_uart.c.obj
                0x08001930                UART_SetConfig
 .text.UART_AdvFeatureConfig
                0x08001bd0       0xe0 CMakeFiles/NFC_Card.elf.dir/Drivers/STM32L0xx_HAL_Driver/Src/stm32l0xx_hal_uart.c.obj
                0x08001bd0                UART_AdvFeatureConfig
 .text.UART_WaitOnFlagUntilTimeout
                0x08001cb0       0x96 CMakeFiles/NFC_Card.elf.dir/Drivers/STM32L0xx_HAL_Driver/Src/stm32l0xx_hal_uart.c.obj
                0x08001cb0                UART_WaitOnFlagUntilTimeout
 *fill*         0x08001d46        0x2 
 .text.UART_CheckIdleState
                0x08001d48       0xd0 CMakeFiles/NFC_Card.elf.dir/Drivers/STM32L0xx_HAL_Driver/Src/stm32l0xx_hal_uart.c.obj
                0x08001d48                UART_CheckIdleState
 .text.HAL_UART_Init
                0x08001e18       0x6c CMakeFiles/NFC_Card.elf.dir/Drivers/STM32L0xx_HAL_Driver/Src/stm32l0xx_hal_uart.c.obj
                0x08001e18                HAL_UART_Init
 .text.__muldi3
                0x08001e84       0x5c C:/Software/arm-gnu-toolchain/bin/../lib/gcc/arm-none-eabi/13.3.1/thumb/v6-m/nofp\libgcc.a(_muldi3.o)
                0x08001e84                __muldi3
                0x08001e84                __aeabi_lmul
 .text.__udivmoddi4
                0x08001ee0      0x198 C:/Software/arm-gnu-toolchain/bin/../lib/gcc/arm-none-eabi/13.3.1/thumb/v6-m/nofp\libgcc.a(_udivmoddi4.o)
                0x08001ee0                __udivmoddi4
 .text.memset   0x08002078       0xa8 C:/Software/arm-gnu-toolchain/bin/../lib/gcc/arm-none-eabi/13.3.1/thumb/v6-m/nofp\libg.a(libc_a-memset.o)
                0x08002078                memset
 .text.__libc_init_array
                0x08002120       0x48 C:/Software/arm-gnu-toolchain/bin/../lib/gcc/arm-none-eabi/13.3.1/thumb/v6-m/nofp\libg.a(libc_a-init.o)
                0x08002120                __libc_init_array
 .text.__retarget_lock_acquire_recursive
                0x08002168        0x4 C:/Software/arm-gnu-toolchain/bin/../lib/gcc/arm-none-eabi/13.3.1/thumb/v6-m/nofp\libg.a(libc_a-lock.o)
                0x08002168                __retarget_lock_acquire_recursive
 .text.__retarget_lock_release_recursive
                0x0800216c        0x4 C:/Software/arm-gnu-toolchain/bin/../lib/gcc/arm-none-eabi/13.3.1/thumb/v6-m/nofp\libg.a(libc_a-lock.o)
                0x0800216c                __retarget_lock_release_recursive
 .text.startup.register_fini
                0x08002170       0x18 C:/Software/arm-gnu-toolchain/bin/../lib/gcc/arm-none-eabi/13.3.1/thumb/v6-m/nofp\libg.a(libc_a-__call_atexit.o)
 .text.atexit   0x08002188       0x10 C:/Software/arm-gnu-toolchain/bin/../lib/gcc/arm-none-eabi/13.3.1/thumb/v6-m/nofp\libg.a(libc_a-atexit.o)
                0x08002188                atexit
 .text.__libc_fini_array
                0x08002198       0x28 C:/Software/arm-gnu-toolchain/bin/../lib/gcc/arm-none-eabi/13.3.1/thumb/v6-m/nofp\libg.a(libc_a-fini.o)
                0x08002198                __libc_fini_array
 .text.__register_exitproc
                0x080021c0       0xa8 C:/Software/arm-gnu-toolchain/bin/../lib/gcc/arm-none-eabi/13.3.1/thumb/v6-m/nofp\libg.a(libc_a-__atexit.o)
                0x080021c0                __register_exitproc
 *(.glue_7)
 .glue_7        0x08002268        0x0 linker stubs
 *(.glue_7t)
 .glue_7t       0x08002268        0x0 linker stubs
 *(.eh_frame)
 .eh_frame      0x08002268        0x0 C:/Software/arm-gnu-toolchain/bin/../lib/gcc/arm-none-eabi/13.3.1/thumb/v6-m/nofp/crtbegin.o
 *(.init)
 .init          0x08002268        0x4 C:/Software/arm-gnu-toolchain/bin/../lib/gcc/arm-none-eabi/13.3.1/thumb/v6-m/nofp/crti.o
                0x08002268                _init
 .init          0x0800226c        0x8 C:/Software/arm-gnu-toolchain/bin/../lib/gcc/arm-none-eabi/13.3.1/thumb/v6-m/nofp/crtn.o
 *(.fini)
 .fini          0x08002274        0x4 C:/Software/arm-gnu-toolchain/bin/../lib/gcc/arm-none-eabi/13.3.1/thumb/v6-m/nofp/crti.o
                0x08002274                _fini
 .fini          0x08002278        0x8 C:/Software/arm-gnu-toolchain/bin/../lib/gcc/arm-none-eabi/13.3.1/thumb/v6-m/nofp/crtn.o
                0x08002280                        . = ALIGN (0x4)
                0x08002280                        _etext = .

.vfp11_veneer   0x08002280        0x0
 .vfp11_veneer  0x08002280        0x0 linker stubs

.v4_bx          0x08002280        0x0
 .v4_bx         0x08002280        0x0 linker stubs

.iplt           0x08002280        0x0
 .iplt          0x08002280        0x0 C:/Software/arm-gnu-toolchain/bin/../lib/gcc/arm-none-eabi/13.3.1/thumb/v6-m/nofp/crtbegin.o

.rodata         0x08002280     0x13f4
                0x08002280                        . = ALIGN (0x4)
 *(.rodata)
 *(.rodata*)
 .rodata.gImage_1
                0x08002280     0x1388 CMakeFiles/NFC_Card.elf.dir/Core/Src/main.c.obj
                0x08002280                gImage_1
 .rodata.PLLMulTable
                0x08003608        0x9 CMakeFiles/NFC_Card.elf.dir/Core/Src/system_stm32l0xx.c.obj
                0x08003608                PLLMulTable
 *fill*         0x08003611        0x3 
 .rodata.APBPrescTable
                0x08003614        0x8 CMakeFiles/NFC_Card.elf.dir/Core/Src/system_stm32l0xx.c.obj
                0x08003614                APBPrescTable
 .rodata.AHBPrescTable
                0x0800361c       0x10 CMakeFiles/NFC_Card.elf.dir/Core/Src/system_stm32l0xx.c.obj
                0x0800361c                AHBPrescTable
 .rodata.UART_SetConfig
                0x0800362c       0x48 CMakeFiles/NFC_Card.elf.dir/Drivers/STM32L0xx_HAL_Driver/Src/stm32l0xx_hal_uart.c.obj
                0x08003674                        . = ALIGN (0x4)

.ARM.extab      0x08003674        0x0
                0x08003674                        . = ALIGN (0x4)
 *(.ARM.extab* .gnu.linkonce.armextab.*)
                0x08003674                        . = ALIGN (0x4)

.ARM            0x08003674        0x8
                0x08003674                        . = ALIGN (0x4)
                0x08003674                        __exidx_start = .
 *(.ARM.exidx*)
 .ARM.exidx.text.__udivmoddi4
                0x08003674        0x8 C:/Software/arm-gnu-toolchain/bin/../lib/gcc/arm-none-eabi/13.3.1/thumb/v6-m/nofp\libgcc.a(_udivmoddi4.o)
                0x0800367c                        __exidx_end = .
                0x0800367c                        . = ALIGN (0x4)

.preinit_array  0x0800367c        0x0
                0x0800367c                        . = ALIGN (0x4)
                0x0800367c                        PROVIDE (__preinit_array_start = .)
 *(.preinit_array*)
                0x0800367c                        PROVIDE (__preinit_array_end = .)
                0x0800367c                        . = ALIGN (0x4)

.init_array     0x0800367c        0x8
                0x0800367c                        . = ALIGN (0x4)
                0x0800367c                        PROVIDE (__init_array_start = .)
 *(SORT_BY_NAME(.init_array.*))
 .init_array.00000
                0x0800367c        0x4 C:/Software/arm-gnu-toolchain/bin/../lib/gcc/arm-none-eabi/13.3.1/thumb/v6-m/nofp\libg.a(libc_a-__call_atexit.o)
 *(.init_array*)
 .init_array    0x08003680        0x4 C:/Software/arm-gnu-toolchain/bin/../lib/gcc/arm-none-eabi/13.3.1/thumb/v6-m/nofp/crtbegin.o
                0x08003684                        PROVIDE (__init_array_end = .)
                0x08003684                        . = ALIGN (0x4)

.fini_array     0x08003684        0x4
                0x08003684                        . = ALIGN (0x4)
                0x08003684                        PROVIDE (__fini_array_start = .)
 *(SORT_BY_NAME(.fini_array.*))
 *(.fini_array*)
 .fini_array    0x08003684        0x4 C:/Software/arm-gnu-toolchain/bin/../lib/gcc/arm-none-eabi/13.3.1/thumb/v6-m/nofp/crtbegin.o
                0x08003688                        PROVIDE (__fini_array_end = .)
                0x08003688                        . = ALIGN (0x4)
                0x08003688                        _sidata = LOADADDR (.data)

.rel.dyn        0x08003688        0x0
 .rel.iplt      0x08003688        0x0 C:/Software/arm-gnu-toolchain/bin/../lib/gcc/arm-none-eabi/13.3.1/thumb/v6-m/nofp/crtbegin.o

.data           0x20000000       0x10 load address 0x08003688
                0x20000000                        . = ALIGN (0x4)
                0x20000000                        _sdata = .
 *(.data)
 *(.data*)
 .data.SystemCoreClock
                0x20000000        0x4 CMakeFiles/NFC_Card.elf.dir/Core/Src/system_stm32l0xx.c.obj
                0x20000000                SystemCoreClock
 .data.uwTickFreq
                0x20000004        0x1 CMakeFiles/NFC_Card.elf.dir/Drivers/STM32L0xx_HAL_Driver/Src/stm32l0xx_hal.c.obj
                0x20000004                uwTickFreq
 *fill*         0x20000005        0x3 
 .data.uwTickPrio
                0x20000008        0x4 CMakeFiles/NFC_Card.elf.dir/Drivers/STM32L0xx_HAL_Driver/Src/stm32l0xx_hal.c.obj
                0x20000008                uwTickPrio
 .data.__atexit_recursive_mutex
                0x2000000c        0x4 C:/Software/arm-gnu-toolchain/bin/../lib/gcc/arm-none-eabi/13.3.1/thumb/v6-m/nofp\libg.a(libc_a-__call_atexit.o)
                0x2000000c                __atexit_recursive_mutex
 *(.RamFunc)
 *(.RamFunc*)
                0x20000010                        . = ALIGN (0x4)
                0x20000010                        _edata = .

.tm_clone_table
                0x20000010        0x0 load address 0x08003698
 .tm_clone_table
                0x20000010        0x0 C:/Software/arm-gnu-toolchain/bin/../lib/gcc/arm-none-eabi/13.3.1/thumb/v6-m/nofp/crtbegin.o
 .tm_clone_table
                0x20000010        0x0 C:/Software/arm-gnu-toolchain/bin/../lib/gcc/arm-none-eabi/13.3.1/thumb/v6-m/nofp/crtend.o

.igot.plt       0x20000010        0x0 load address 0x08003698
 .igot.plt      0x20000010        0x0 C:/Software/arm-gnu-toolchain/bin/../lib/gcc/arm-none-eabi/13.3.1/thumb/v6-m/nofp/crtbegin.o
                0x20000010                        . = ALIGN (0x4)

.bss            0x20000010     0x1644 load address 0x08003698
                0x20000010                        _sbss = .
                0x20000010                        __bss_start__ = _sbss
 *(.bss)
 *(.bss*)
 .bss.completed.1
                0x20000010        0x1 C:/Software/arm-gnu-toolchain/bin/../lib/gcc/arm-none-eabi/13.3.1/thumb/v6-m/nofp/crtbegin.o
 *fill*         0x20000011        0x3 
 .bss.object.0  0x20000014       0x18 C:/Software/arm-gnu-toolchain/bin/../lib/gcc/arm-none-eabi/13.3.1/thumb/v6-m/nofp/crtbegin.o
 .bss.hi2c1     0x2000002c       0x54 CMakeFiles/NFC_Card.elf.dir/Core/Src/i2c.c.obj
                0x2000002c                hi2c1
 .bss.Image_BW  0x20000080     0x1388 CMakeFiles/NFC_Card.elf.dir/Core/Src/main.c.obj
                0x20000080                Image_BW
 .bss.key_flag  0x20001408        0x1 CMakeFiles/NFC_Card.elf.dir/Core/Src/stm32l0xx_it.c.obj
                0x20001408                key_flag
 *fill*         0x20001409        0x3 
 .bss.huart1    0x2000140c       0x88 CMakeFiles/NFC_Card.elf.dir/Core/Src/usart.c.obj
                0x2000140c                huart1
 .bss.Paint     0x20001494       0x24 CMakeFiles/NFC_Card.elf.dir/Drivers/BSP/E-Paper/oled.c.obj
                0x20001494                Paint
 .bss.uwTick    0x200014b8        0x4 CMakeFiles/NFC_Card.elf.dir/Drivers/STM32L0xx_HAL_Driver/Src/stm32l0xx_hal.c.obj
                0x200014b8                uwTick
 .bss.__lock___atexit_recursive_mutex
                0x200014bc        0x1 C:/Software/arm-gnu-toolchain/bin/../lib/gcc/arm-none-eabi/13.3.1/thumb/v6-m/nofp\libg.a(libc_a-lock.o)
                0x200014bc                __lock___atexit_recursive_mutex
 *fill*         0x200014bd        0x3 
 .bss.__atexit  0x200014c0        0x4 C:/Software/arm-gnu-toolchain/bin/../lib/gcc/arm-none-eabi/13.3.1/thumb/v6-m/nofp\libg.a(libc_a-__call_atexit.o)
                0x200014c0                __atexit
 .bss.__atexit0
                0x200014c4      0x190 C:/Software/arm-gnu-toolchain/bin/../lib/gcc/arm-none-eabi/13.3.1/thumb/v6-m/nofp\libg.a(libc_a-__atexit.o)
                0x200014c4                __atexit0
 *(COMMON)
                0x20001654                        . = ALIGN (0x4)
                0x20001654                        _ebss = .
                0x20001654                        __bss_end__ = _ebss

._user_heap_stack
                0x20001654      0x604 load address 0x08003698
                0x20001658                        . = ALIGN (0x8)
 *fill*         0x20001654        0x4 
                [!provide]                        PROVIDE (end = .)
                0x20001658                        PROVIDE (_end = .)
                0x20001858                        . = (. + _Min_Heap_Size)
 *fill*         0x20001658      0x200 
                0x20001c58                        . = (. + _Min_Stack_Size)
 *fill*         0x20001858      0x400 
                0x20001c58                        . = ALIGN (0x8)

/DISCARD/
 libc.a(*)
 libm.a(*)
 libgcc.a(*)

.ARM.attributes
                0x00000000       0x28
 *(.ARM.attributes)
 .ARM.attributes
                0x00000000       0x1e C:/Software/arm-gnu-toolchain/bin/../lib/gcc/arm-none-eabi/13.3.1/thumb/v6-m/nofp/crti.o
 .ARM.attributes
                0x0000001e       0x2c C:/Software/arm-gnu-toolchain/bin/../lib/gcc/arm-none-eabi/13.3.1/thumb/v6-m/nofp/crtbegin.o
 .ARM.attributes
                0x0000004a       0x2c CMakeFiles/NFC_Card.elf.dir/Core/Src/gpio.c.obj
 .ARM.attributes
                0x00000076       0x2c CMakeFiles/NFC_Card.elf.dir/Core/Src/i2c.c.obj
 .ARM.attributes
                0x000000a2       0x2c CMakeFiles/NFC_Card.elf.dir/Core/Src/main.c.obj
 .ARM.attributes
                0x000000ce       0x2c CMakeFiles/NFC_Card.elf.dir/Core/Src/stm32l0xx_hal_msp.c.obj
 .ARM.attributes
                0x000000fa       0x2c CMakeFiles/NFC_Card.elf.dir/Core/Src/stm32l0xx_it.c.obj
 .ARM.attributes
                0x00000126       0x2c CMakeFiles/NFC_Card.elf.dir/Core/Src/system_stm32l0xx.c.obj
 .ARM.attributes
                0x00000152       0x2c CMakeFiles/NFC_Card.elf.dir/Core/Src/usart.c.obj
 .ARM.attributes
                0x0000017e       0x22 CMakeFiles/NFC_Card.elf.dir/Core/Startup/startup_stm32l051k8ux.s.obj
 .ARM.attributes
                0x000001a0       0x2c CMakeFiles/NFC_Card.elf.dir/Drivers/BSP/E-Paper/oled.c.obj
 .ARM.attributes
                0x000001cc       0x2c CMakeFiles/NFC_Card.elf.dir/Drivers/STM32L0xx_HAL_Driver/Src/stm32l0xx_hal.c.obj
 .ARM.attributes
                0x000001f8       0x2c CMakeFiles/NFC_Card.elf.dir/Drivers/STM32L0xx_HAL_Driver/Src/stm32l0xx_hal_cortex.c.obj
 .ARM.attributes
                0x00000224       0x2c CMakeFiles/NFC_Card.elf.dir/Drivers/STM32L0xx_HAL_Driver/Src/stm32l0xx_hal_gpio.c.obj
 .ARM.attributes
                0x00000250       0x2c CMakeFiles/NFC_Card.elf.dir/Drivers/STM32L0xx_HAL_Driver/Src/stm32l0xx_hal_i2c.c.obj
 .ARM.attributes
                0x0000027c       0x2c CMakeFiles/NFC_Card.elf.dir/Drivers/STM32L0xx_HAL_Driver/Src/stm32l0xx_hal_i2c_ex.c.obj
 .ARM.attributes
                0x000002a8       0x2c CMakeFiles/NFC_Card.elf.dir/Drivers/STM32L0xx_HAL_Driver/Src/stm32l0xx_hal_rcc.c.obj
 .ARM.attributes
                0x000002d4       0x2c CMakeFiles/NFC_Card.elf.dir/Drivers/STM32L0xx_HAL_Driver/Src/stm32l0xx_hal_rcc_ex.c.obj
 .ARM.attributes
                0x00000300       0x2c CMakeFiles/NFC_Card.elf.dir/Drivers/STM32L0xx_HAL_Driver/Src/stm32l0xx_hal_uart.c.obj
 .ARM.attributes
                0x0000032c       0x1e C:/Software/arm-gnu-toolchain/bin/../lib/gcc/arm-none-eabi/13.3.1/thumb/v6-m/nofp\libgcc.a(_udivsi3.o)
 .ARM.attributes
                0x0000034a       0x1e C:/Software/arm-gnu-toolchain/bin/../lib/gcc/arm-none-eabi/13.3.1/thumb/v6-m/nofp\libgcc.a(_dvmd_tls.o)
 .ARM.attributes
                0x00000368       0x1e C:/Software/arm-gnu-toolchain/bin/../lib/gcc/arm-none-eabi/13.3.1/thumb/v6-m/nofp\libgcc.a(_aeabi_uldivmod.o)
 .ARM.attributes
                0x00000386       0x2c C:/Software/arm-gnu-toolchain/bin/../lib/gcc/arm-none-eabi/13.3.1/thumb/v6-m/nofp\libgcc.a(_muldi3.o)
 .ARM.attributes
                0x000003b2       0x2c C:/Software/arm-gnu-toolchain/bin/../lib/gcc/arm-none-eabi/13.3.1/thumb/v6-m/nofp\libgcc.a(_udivmoddi4.o)
 .ARM.attributes
                0x000003de       0x1e C:/Software/arm-gnu-toolchain/bin/../lib/gcc/arm-none-eabi/13.3.1/thumb/v6-m/nofp\libgcc.a(_clzdi2.o)
 .ARM.attributes
                0x000003fc       0x1e C:/Software/arm-gnu-toolchain/bin/../lib/gcc/arm-none-eabi/13.3.1/thumb/v6-m/nofp\libgcc.a(_clzsi2.o)
 .ARM.attributes
                0x0000041a       0x2c C:/Software/arm-gnu-toolchain/bin/../lib/gcc/arm-none-eabi/13.3.1/thumb/v6-m/nofp\libg.a(libc_a-memset.o)
 .ARM.attributes
                0x00000446       0x2c C:/Software/arm-gnu-toolchain/bin/../lib/gcc/arm-none-eabi/13.3.1/thumb/v6-m/nofp\libg.a(libc_a-init.o)
 .ARM.attributes
                0x00000472       0x2c C:/Software/arm-gnu-toolchain/bin/../lib/gcc/arm-none-eabi/13.3.1/thumb/v6-m/nofp\libg.a(libc_a-lock.o)
 .ARM.attributes
                0x0000049e       0x2c C:/Software/arm-gnu-toolchain/bin/../lib/gcc/arm-none-eabi/13.3.1/thumb/v6-m/nofp\libg.a(libc_a-__call_atexit.o)
 .ARM.attributes
                0x000004ca       0x2c C:/Software/arm-gnu-toolchain/bin/../lib/gcc/arm-none-eabi/13.3.1/thumb/v6-m/nofp\libg.a(libc_a-atexit.o)
 .ARM.attributes
                0x000004f6       0x2c C:/Software/arm-gnu-toolchain/bin/../lib/gcc/arm-none-eabi/13.3.1/thumb/v6-m/nofp\libg.a(libc_a-fini.o)
 .ARM.attributes
                0x00000522       0x2c C:/Software/arm-gnu-toolchain/bin/../lib/gcc/arm-none-eabi/13.3.1/thumb/v6-m/nofp\libg.a(libc_a-__atexit.o)
 .ARM.attributes
                0x0000054e       0x2c C:/Software/arm-gnu-toolchain/bin/../lib/gcc/arm-none-eabi/13.3.1/thumb/v6-m/nofp/crtend.o
 .ARM.attributes
                0x0000057a       0x1e C:/Software/arm-gnu-toolchain/bin/../lib/gcc/arm-none-eabi/13.3.1/thumb/v6-m/nofp/crtn.o
OUTPUT(NFC_Card.elf elf32-littlearm)
LOAD linker stubs
LOAD C:/Software/arm-gnu-toolchain/bin/../lib/gcc/arm-none-eabi/13.3.1/thumb/v6-m/nofp\libc.a
LOAD C:/Software/arm-gnu-toolchain/bin/../lib/gcc/arm-none-eabi/13.3.1/thumb/v6-m/nofp\libm.a
LOAD C:/Software/arm-gnu-toolchain/bin/../lib/gcc/arm-none-eabi/13.3.1/thumb/v6-m/nofp\libgcc.a

.debug_info     0x00000000    0x10082
 .debug_info    0x00000000      0x5bc CMakeFiles/NFC_Card.elf.dir/Core/Src/gpio.c.obj
 .debug_info    0x000005bc      0xa02 CMakeFiles/NFC_Card.elf.dir/Core/Src/i2c.c.obj
 .debug_info    0x00000fbe      0x693 CMakeFiles/NFC_Card.elf.dir/Core/Src/main.c.obj
 .debug_info    0x00001651      0x1b6 CMakeFiles/NFC_Card.elf.dir/Core/Src/stm32l0xx_hal_msp.c.obj
 .debug_info    0x00001807      0x1a2 CMakeFiles/NFC_Card.elf.dir/Core/Src/stm32l0xx_it.c.obj
 .debug_info    0x000019a9      0x309 CMakeFiles/NFC_Card.elf.dir/Core/Src/system_stm32l0xx.c.obj
 .debug_info    0x00001cb2      0xa01 CMakeFiles/NFC_Card.elf.dir/Core/Src/usart.c.obj
 .debug_info    0x000026b3       0x30 CMakeFiles/NFC_Card.elf.dir/Core/Startup/startup_stm32l051k8ux.s.obj
 .debug_info    0x000026e3     0x1612 CMakeFiles/NFC_Card.elf.dir/Drivers/BSP/E-Paper/oled.c.obj
 .debug_info    0x00003cf5      0x8d2 CMakeFiles/NFC_Card.elf.dir/Drivers/STM32L0xx_HAL_Driver/Src/stm32l0xx_hal.c.obj
 .debug_info    0x000045c7      0x995 CMakeFiles/NFC_Card.elf.dir/Drivers/STM32L0xx_HAL_Driver/Src/stm32l0xx_hal_cortex.c.obj
 .debug_info    0x00004f5c      0x65e CMakeFiles/NFC_Card.elf.dir/Drivers/STM32L0xx_HAL_Driver/Src/stm32l0xx_hal_gpio.c.obj
 .debug_info    0x000055ba     0x409d CMakeFiles/NFC_Card.elf.dir/Drivers/STM32L0xx_HAL_Driver/Src/stm32l0xx_hal_i2c.c.obj
 .debug_info    0x00009657      0x8a1 CMakeFiles/NFC_Card.elf.dir/Drivers/STM32L0xx_HAL_Driver/Src/stm32l0xx_hal_i2c_ex.c.obj
 .debug_info    0x00009ef8      0xc72 CMakeFiles/NFC_Card.elf.dir/Drivers/STM32L0xx_HAL_Driver/Src/stm32l0xx_hal_rcc.c.obj
 .debug_info    0x0000ab6a      0x537 CMakeFiles/NFC_Card.elf.dir/Drivers/STM32L0xx_HAL_Driver/Src/stm32l0xx_hal_rcc_ex.c.obj
 .debug_info    0x0000b0a1     0x4fe1 CMakeFiles/NFC_Card.elf.dir/Drivers/STM32L0xx_HAL_Driver/Src/stm32l0xx_hal_uart.c.obj

.debug_abbrev   0x00000000     0x21c0
 .debug_abbrev  0x00000000      0x197 CMakeFiles/NFC_Card.elf.dir/Core/Src/gpio.c.obj
 .debug_abbrev  0x00000197      0x22b CMakeFiles/NFC_Card.elf.dir/Core/Src/i2c.c.obj
 .debug_abbrev  0x000003c2      0x24f CMakeFiles/NFC_Card.elf.dir/Core/Src/main.c.obj
 .debug_abbrev  0x00000611       0x9d CMakeFiles/NFC_Card.elf.dir/Core/Src/stm32l0xx_hal_msp.c.obj
 .debug_abbrev  0x000006ae       0xe6 CMakeFiles/NFC_Card.elf.dir/Core/Src/stm32l0xx_it.c.obj
 .debug_abbrev  0x00000794      0x136 CMakeFiles/NFC_Card.elf.dir/Core/Src/system_stm32l0xx.c.obj
 .debug_abbrev  0x000008ca      0x20b CMakeFiles/NFC_Card.elf.dir/Core/Src/usart.c.obj
 .debug_abbrev  0x00000ad5       0x24 CMakeFiles/NFC_Card.elf.dir/Core/Startup/startup_stm32l051k8ux.s.obj
 .debug_abbrev  0x00000af9      0x2f5 CMakeFiles/NFC_Card.elf.dir/Drivers/BSP/E-Paper/oled.c.obj
 .debug_abbrev  0x00000dee      0x2a2 CMakeFiles/NFC_Card.elf.dir/Drivers/STM32L0xx_HAL_Driver/Src/stm32l0xx_hal.c.obj
 .debug_abbrev  0x00001090      0x2f9 CMakeFiles/NFC_Card.elf.dir/Drivers/STM32L0xx_HAL_Driver/Src/stm32l0xx_hal_cortex.c.obj
 .debug_abbrev  0x00001389      0x1e6 CMakeFiles/NFC_Card.elf.dir/Drivers/STM32L0xx_HAL_Driver/Src/stm32l0xx_hal_gpio.c.obj
 .debug_abbrev  0x0000156f      0x2a9 CMakeFiles/NFC_Card.elf.dir/Drivers/STM32L0xx_HAL_Driver/Src/stm32l0xx_hal_i2c.c.obj
 .debug_abbrev  0x00001818      0x1bd CMakeFiles/NFC_Card.elf.dir/Drivers/STM32L0xx_HAL_Driver/Src/stm32l0xx_hal_i2c_ex.c.obj
 .debug_abbrev  0x000019d5      0x2d5 CMakeFiles/NFC_Card.elf.dir/Drivers/STM32L0xx_HAL_Driver/Src/stm32l0xx_hal_rcc.c.obj
 .debug_abbrev  0x00001caa      0x1dd CMakeFiles/NFC_Card.elf.dir/Drivers/STM32L0xx_HAL_Driver/Src/stm32l0xx_hal_rcc_ex.c.obj
 .debug_abbrev  0x00001e87      0x339 CMakeFiles/NFC_Card.elf.dir/Drivers/STM32L0xx_HAL_Driver/Src/stm32l0xx_hal_uart.c.obj

.debug_aranges  0x00000000      0xa30
 .debug_aranges
                0x00000000       0x20 CMakeFiles/NFC_Card.elf.dir/Core/Src/gpio.c.obj
 .debug_aranges
                0x00000020       0x30 CMakeFiles/NFC_Card.elf.dir/Core/Src/i2c.c.obj
 .debug_aranges
                0x00000050       0x30 CMakeFiles/NFC_Card.elf.dir/Core/Src/main.c.obj
 .debug_aranges
                0x00000080       0x20 CMakeFiles/NFC_Card.elf.dir/Core/Src/stm32l0xx_hal_msp.c.obj
 .debug_aranges
                0x000000a0       0x58 CMakeFiles/NFC_Card.elf.dir/Core/Src/stm32l0xx_it.c.obj
 .debug_aranges
                0x000000f8       0x28 CMakeFiles/NFC_Card.elf.dir/Core/Src/system_stm32l0xx.c.obj
 .debug_aranges
                0x00000120       0x30 CMakeFiles/NFC_Card.elf.dir/Core/Src/usart.c.obj
 .debug_aranges
                0x00000150       0x28 CMakeFiles/NFC_Card.elf.dir/Core/Startup/startup_stm32l051k8ux.s.obj
 .debug_aranges
                0x00000178       0xb8 CMakeFiles/NFC_Card.elf.dir/Drivers/BSP/E-Paper/oled.c.obj
 .debug_aranges
                0x00000230      0x110 CMakeFiles/NFC_Card.elf.dir/Drivers/STM32L0xx_HAL_Driver/Src/stm32l0xx_hal.c.obj
 .debug_aranges
                0x00000340       0xb0 CMakeFiles/NFC_Card.elf.dir/Drivers/STM32L0xx_HAL_Driver/Src/stm32l0xx_hal_cortex.c.obj
 .debug_aranges
                0x000003f0       0x58 CMakeFiles/NFC_Card.elf.dir/Drivers/STM32L0xx_HAL_Driver/Src/stm32l0xx_hal_gpio.c.obj
 .debug_aranges
                0x00000448      0x2a0 CMakeFiles/NFC_Card.elf.dir/Drivers/STM32L0xx_HAL_Driver/Src/stm32l0xx_hal_i2c.c.obj
 .debug_aranges
                0x000006e8       0x48 CMakeFiles/NFC_Card.elf.dir/Drivers/STM32L0xx_HAL_Driver/Src/stm32l0xx_hal_i2c_ex.c.obj
 .debug_aranges
                0x00000730       0x80 CMakeFiles/NFC_Card.elf.dir/Drivers/STM32L0xx_HAL_Driver/Src/stm32l0xx_hal_rcc.c.obj
 .debug_aranges
                0x000007b0       0x58 CMakeFiles/NFC_Card.elf.dir/Drivers/STM32L0xx_HAL_Driver/Src/stm32l0xx_hal_rcc_ex.c.obj
 .debug_aranges
                0x00000808      0x228 CMakeFiles/NFC_Card.elf.dir/Drivers/STM32L0xx_HAL_Driver/Src/stm32l0xx_hal_uart.c.obj

.debug_rnglists
                0x00000000      0x7fe
 .debug_rnglists
                0x00000000       0x14 CMakeFiles/NFC_Card.elf.dir/Core/Src/gpio.c.obj
 .debug_rnglists
                0x00000014       0x1f CMakeFiles/NFC_Card.elf.dir/Core/Src/i2c.c.obj
 .debug_rnglists
                0x00000033       0x20 CMakeFiles/NFC_Card.elf.dir/Core/Src/main.c.obj
 .debug_rnglists
                0x00000053       0x13 CMakeFiles/NFC_Card.elf.dir/Core/Src/stm32l0xx_hal_msp.c.obj
 .debug_rnglists
                0x00000066       0x3d CMakeFiles/NFC_Card.elf.dir/Core/Src/stm32l0xx_it.c.obj
 .debug_rnglists
                0x000000a3       0x1a CMakeFiles/NFC_Card.elf.dir/Core/Src/system_stm32l0xx.c.obj
 .debug_rnglists
                0x000000bd       0x1f CMakeFiles/NFC_Card.elf.dir/Core/Src/usart.c.obj
 .debug_rnglists
                0x000000dc       0x19 CMakeFiles/NFC_Card.elf.dir/Core/Startup/startup_stm32l051k8ux.s.obj
 .debug_rnglists
                0x000000f5       0x8c CMakeFiles/NFC_Card.elf.dir/Drivers/BSP/E-Paper/oled.c.obj
 .debug_rnglists
                0x00000181       0xc7 CMakeFiles/NFC_Card.elf.dir/Drivers/STM32L0xx_HAL_Driver/Src/stm32l0xx_hal.c.obj
 .debug_rnglists
                0x00000248       0x8b CMakeFiles/NFC_Card.elf.dir/Drivers/STM32L0xx_HAL_Driver/Src/stm32l0xx_hal_cortex.c.obj
 .debug_rnglists
                0x000002d3       0x3f CMakeFiles/NFC_Card.elf.dir/Drivers/STM32L0xx_HAL_Driver/Src/stm32l0xx_hal_gpio.c.obj
 .debug_rnglists
                0x00000312      0x21d CMakeFiles/NFC_Card.elf.dir/Drivers/STM32L0xx_HAL_Driver/Src/stm32l0xx_hal_i2c.c.obj
 .debug_rnglists
                0x0000052f       0x31 CMakeFiles/NFC_Card.elf.dir/Drivers/STM32L0xx_HAL_Driver/Src/stm32l0xx_hal_i2c_ex.c.obj
 .debug_rnglists
                0x00000560       0x7e CMakeFiles/NFC_Card.elf.dir/Drivers/STM32L0xx_HAL_Driver/Src/stm32l0xx_hal_rcc.c.obj
 .debug_rnglists
                0x000005de       0x3f CMakeFiles/NFC_Card.elf.dir/Drivers/STM32L0xx_HAL_Driver/Src/stm32l0xx_hal_rcc_ex.c.obj
 .debug_rnglists
                0x0000061d      0x1e1 CMakeFiles/NFC_Card.elf.dir/Drivers/STM32L0xx_HAL_Driver/Src/stm32l0xx_hal_uart.c.obj

.debug_line     0x00000000     0xdb13
 .debug_line    0x00000000      0x29d CMakeFiles/NFC_Card.elf.dir/Core/Src/gpio.c.obj
 .debug_line    0x0000029d      0x368 CMakeFiles/NFC_Card.elf.dir/Core/Src/i2c.c.obj
 .debug_line    0x00000605      0x3d8 CMakeFiles/NFC_Card.elf.dir/Core/Src/main.c.obj
 .debug_line    0x000009dd      0x165 CMakeFiles/NFC_Card.elf.dir/Core/Src/stm32l0xx_hal_msp.c.obj
 .debug_line    0x00000b42      0x223 CMakeFiles/NFC_Card.elf.dir/Core/Src/stm32l0xx_it.c.obj
 .debug_line    0x00000d65      0x266 CMakeFiles/NFC_Card.elf.dir/Core/Src/system_stm32l0xx.c.obj
 .debug_line    0x00000fcb      0x335 CMakeFiles/NFC_Card.elf.dir/Core/Src/usart.c.obj
 .debug_line    0x00001300       0x7b CMakeFiles/NFC_Card.elf.dir/Core/Startup/startup_stm32l051k8ux.s.obj
 .debug_line    0x0000137b      0xbe6 CMakeFiles/NFC_Card.elf.dir/Drivers/BSP/E-Paper/oled.c.obj
 .debug_line    0x00001f61      0x679 CMakeFiles/NFC_Card.elf.dir/Drivers/STM32L0xx_HAL_Driver/Src/stm32l0xx_hal.c.obj
 .debug_line    0x000025da      0x6d3 CMakeFiles/NFC_Card.elf.dir/Drivers/STM32L0xx_HAL_Driver/Src/stm32l0xx_hal_cortex.c.obj
 .debug_line    0x00002cad      0x6d7 CMakeFiles/NFC_Card.elf.dir/Drivers/STM32L0xx_HAL_Driver/Src/stm32l0xx_hal_gpio.c.obj
 .debug_line    0x00003384     0x4cf4 CMakeFiles/NFC_Card.elf.dir/Drivers/STM32L0xx_HAL_Driver/Src/stm32l0xx_hal_i2c.c.obj
 .debug_line    0x00008078      0x400 CMakeFiles/NFC_Card.elf.dir/Drivers/STM32L0xx_HAL_Driver/Src/stm32l0xx_hal_i2c_ex.c.obj
 .debug_line    0x00008478      0xe8d CMakeFiles/NFC_Card.elf.dir/Drivers/STM32L0xx_HAL_Driver/Src/stm32l0xx_hal_rcc.c.obj
 .debug_line    0x00009305      0x763 CMakeFiles/NFC_Card.elf.dir/Drivers/STM32L0xx_HAL_Driver/Src/stm32l0xx_hal_rcc_ex.c.obj
 .debug_line    0x00009a68     0x40ab CMakeFiles/NFC_Card.elf.dir/Drivers/STM32L0xx_HAL_Driver/Src/stm32l0xx_hal_uart.c.obj

.debug_str      0x00000000     0x3165
 .debug_str     0x00000000     0x3165 CMakeFiles/NFC_Card.elf.dir/Core/Src/gpio.c.obj
                                0x4f3 (size before relaxing)
 .debug_str     0x00003165      0x87e CMakeFiles/NFC_Card.elf.dir/Core/Src/i2c.c.obj
 .debug_str     0x00003165      0x53c CMakeFiles/NFC_Card.elf.dir/Core/Src/main.c.obj
 .debug_str     0x00003165      0x270 CMakeFiles/NFC_Card.elf.dir/Core/Src/stm32l0xx_hal_msp.c.obj
 .debug_str     0x00003165      0x297 CMakeFiles/NFC_Card.elf.dir/Core/Src/stm32l0xx_it.c.obj
 .debug_str     0x00003165      0x2fd CMakeFiles/NFC_Card.elf.dir/Core/Src/system_stm32l0xx.c.obj
 .debug_str     0x00003165      0x7c9 CMakeFiles/NFC_Card.elf.dir/Core/Src/usart.c.obj
 .debug_str     0x00003165       0x91 CMakeFiles/NFC_Card.elf.dir/Core/Startup/startup_stm32l051k8ux.s.obj
 .debug_str     0x00003165      0x4fa CMakeFiles/NFC_Card.elf.dir/Drivers/BSP/E-Paper/oled.c.obj
 .debug_str     0x00003165      0x870 CMakeFiles/NFC_Card.elf.dir/Drivers/STM32L0xx_HAL_Driver/Src/stm32l0xx_hal.c.obj
 .debug_str     0x00003165      0x724 CMakeFiles/NFC_Card.elf.dir/Drivers/STM32L0xx_HAL_Driver/Src/stm32l0xx_hal_cortex.c.obj
 .debug_str     0x00003165      0x47d CMakeFiles/NFC_Card.elf.dir/Drivers/STM32L0xx_HAL_Driver/Src/stm32l0xx_hal_gpio.c.obj
 .debug_str     0x00003165      0xffc CMakeFiles/NFC_Card.elf.dir/Drivers/STM32L0xx_HAL_Driver/Src/stm32l0xx_hal_i2c.c.obj
 .debug_str     0x00003165      0x87d CMakeFiles/NFC_Card.elf.dir/Drivers/STM32L0xx_HAL_Driver/Src/stm32l0xx_hal_i2c_ex.c.obj
 .debug_str     0x00003165      0x71d CMakeFiles/NFC_Card.elf.dir/Drivers/STM32L0xx_HAL_Driver/Src/stm32l0xx_hal_rcc.c.obj
 .debug_str     0x00003165      0x51d CMakeFiles/NFC_Card.elf.dir/Drivers/STM32L0xx_HAL_Driver/Src/stm32l0xx_hal_rcc_ex.c.obj
 .debug_str     0x00003165      0xfa0 CMakeFiles/NFC_Card.elf.dir/Drivers/STM32L0xx_HAL_Driver/Src/stm32l0xx_hal_uart.c.obj

.comment        0x00000000       0x45
 .comment       0x00000000       0x45 CMakeFiles/NFC_Card.elf.dir/Core/Src/gpio.c.obj
                                 0x46 (size before relaxing)
 .comment       0x00000045       0x46 CMakeFiles/NFC_Card.elf.dir/Core/Src/i2c.c.obj
 .comment       0x00000045       0x46 CMakeFiles/NFC_Card.elf.dir/Core/Src/main.c.obj
 .comment       0x00000045       0x46 CMakeFiles/NFC_Card.elf.dir/Core/Src/stm32l0xx_hal_msp.c.obj
 .comment       0x00000045       0x46 CMakeFiles/NFC_Card.elf.dir/Core/Src/stm32l0xx_it.c.obj
 .comment       0x00000045       0x46 CMakeFiles/NFC_Card.elf.dir/Core/Src/system_stm32l0xx.c.obj
 .comment       0x00000045       0x46 CMakeFiles/NFC_Card.elf.dir/Core/Src/usart.c.obj
 .comment       0x00000045       0x46 CMakeFiles/NFC_Card.elf.dir/Drivers/BSP/E-Paper/oled.c.obj
 .comment       0x00000045       0x46 CMakeFiles/NFC_Card.elf.dir/Drivers/STM32L0xx_HAL_Driver/Src/stm32l0xx_hal.c.obj
 .comment       0x00000045       0x46 CMakeFiles/NFC_Card.elf.dir/Drivers/STM32L0xx_HAL_Driver/Src/stm32l0xx_hal_cortex.c.obj
 .comment       0x00000045       0x46 CMakeFiles/NFC_Card.elf.dir/Drivers/STM32L0xx_HAL_Driver/Src/stm32l0xx_hal_gpio.c.obj
 .comment       0x00000045       0x46 CMakeFiles/NFC_Card.elf.dir/Drivers/STM32L0xx_HAL_Driver/Src/stm32l0xx_hal_i2c.c.obj
 .comment       0x00000045       0x46 CMakeFiles/NFC_Card.elf.dir/Drivers/STM32L0xx_HAL_Driver/Src/stm32l0xx_hal_i2c_ex.c.obj
 .comment       0x00000045       0x46 CMakeFiles/NFC_Card.elf.dir/Drivers/STM32L0xx_HAL_Driver/Src/stm32l0xx_hal_rcc.c.obj
 .comment       0x00000045       0x46 CMakeFiles/NFC_Card.elf.dir/Drivers/STM32L0xx_HAL_Driver/Src/stm32l0xx_hal_rcc_ex.c.obj
 .comment       0x00000045       0x46 CMakeFiles/NFC_Card.elf.dir/Drivers/STM32L0xx_HAL_Driver/Src/stm32l0xx_hal_uart.c.obj

.debug_frame    0x00000000     0x1d24
 .debug_frame   0x00000000       0x30 CMakeFiles/NFC_Card.elf.dir/Core/Src/gpio.c.obj
 .debug_frame   0x00000030       0x5c CMakeFiles/NFC_Card.elf.dir/Core/Src/i2c.c.obj
 .debug_frame   0x0000008c       0x54 CMakeFiles/NFC_Card.elf.dir/Core/Src/main.c.obj
 .debug_frame   0x000000e0       0x20 CMakeFiles/NFC_Card.elf.dir/Core/Src/stm32l0xx_hal_msp.c.obj
 .debug_frame   0x00000100       0xa8 CMakeFiles/NFC_Card.elf.dir/Core/Src/stm32l0xx_it.c.obj
 .debug_frame   0x000001a8       0x38 CMakeFiles/NFC_Card.elf.dir/Core/Src/system_stm32l0xx.c.obj
 .debug_frame   0x000001e0       0x5c CMakeFiles/NFC_Card.elf.dir/Core/Src/usart.c.obj
 .debug_frame   0x0000023c      0x298 CMakeFiles/NFC_Card.elf.dir/Drivers/BSP/E-Paper/oled.c.obj
 .debug_frame   0x000004d4      0x22c CMakeFiles/NFC_Card.elf.dir/Drivers/STM32L0xx_HAL_Driver/Src/stm32l0xx_hal.c.obj
 .debug_frame   0x00000700      0x174 CMakeFiles/NFC_Card.elf.dir/Drivers/STM32L0xx_HAL_Driver/Src/stm32l0xx_hal_cortex.c.obj
 .debug_frame   0x00000874       0xc0 CMakeFiles/NFC_Card.elf.dir/Drivers/STM32L0xx_HAL_Driver/Src/stm32l0xx_hal_gpio.c.obj
 .debug_frame   0x00000934      0x8b0 CMakeFiles/NFC_Card.elf.dir/Drivers/STM32L0xx_HAL_Driver/Src/stm32l0xx_hal_i2c.c.obj
 .debug_frame   0x000011e4       0xa8 CMakeFiles/NFC_Card.elf.dir/Drivers/STM32L0xx_HAL_Driver/Src/stm32l0xx_hal_i2c_ex.c.obj
 .debug_frame   0x0000128c      0x140 CMakeFiles/NFC_Card.elf.dir/Drivers/STM32L0xx_HAL_Driver/Src/stm32l0xx_hal_rcc.c.obj
 .debug_frame   0x000013cc       0xac CMakeFiles/NFC_Card.elf.dir/Drivers/STM32L0xx_HAL_Driver/Src/stm32l0xx_hal_rcc_ex.c.obj
 .debug_frame   0x00001478      0x630 CMakeFiles/NFC_Card.elf.dir/Drivers/STM32L0xx_HAL_Driver/Src/stm32l0xx_hal_uart.c.obj
 .debug_frame   0x00001aa8       0x20 C:/Software/arm-gnu-toolchain/bin/../lib/gcc/arm-none-eabi/13.3.1/thumb/v6-m/nofp\libgcc.a(_udivsi3.o)
 .debug_frame   0x00001ac8       0x34 C:/Software/arm-gnu-toolchain/bin/../lib/gcc/arm-none-eabi/13.3.1/thumb/v6-m/nofp\libgcc.a(_muldi3.o)
 .debug_frame   0x00001afc       0x3c C:/Software/arm-gnu-toolchain/bin/../lib/gcc/arm-none-eabi/13.3.1/thumb/v6-m/nofp\libgcc.a(_udivmoddi4.o)
 .debug_frame   0x00001b38       0x30 C:/Software/arm-gnu-toolchain/bin/../lib/gcc/arm-none-eabi/13.3.1/thumb/v6-m/nofp\libg.a(libc_a-memset.o)
 .debug_frame   0x00001b68       0x2c C:/Software/arm-gnu-toolchain/bin/../lib/gcc/arm-none-eabi/13.3.1/thumb/v6-m/nofp\libg.a(libc_a-init.o)
 .debug_frame   0x00001b94       0xb0 C:/Software/arm-gnu-toolchain/bin/../lib/gcc/arm-none-eabi/13.3.1/thumb/v6-m/nofp\libg.a(libc_a-lock.o)
 .debug_frame   0x00001c44       0x54 C:/Software/arm-gnu-toolchain/bin/../lib/gcc/arm-none-eabi/13.3.1/thumb/v6-m/nofp\libg.a(libc_a-__call_atexit.o)
 .debug_frame   0x00001c98       0x28 C:/Software/arm-gnu-toolchain/bin/../lib/gcc/arm-none-eabi/13.3.1/thumb/v6-m/nofp\libg.a(libc_a-atexit.o)
 .debug_frame   0x00001cc0       0x2c C:/Software/arm-gnu-toolchain/bin/../lib/gcc/arm-none-eabi/13.3.1/thumb/v6-m/nofp\libg.a(libc_a-fini.o)
 .debug_frame   0x00001cec       0x38 C:/Software/arm-gnu-toolchain/bin/../lib/gcc/arm-none-eabi/13.3.1/thumb/v6-m/nofp\libg.a(libc_a-__atexit.o)

.debug_loclists
                0x00000000     0x802f
 .debug_loclists
                0x00000000       0x7b CMakeFiles/NFC_Card.elf.dir/Core/Src/i2c.c.obj
 .debug_loclists
                0x0000007b      0x127 CMakeFiles/NFC_Card.elf.dir/Core/Src/system_stm32l0xx.c.obj
 .debug_loclists
                0x000001a2       0x6b CMakeFiles/NFC_Card.elf.dir/Core/Src/usart.c.obj
 .debug_loclists
                0x0000020d      0xef2 CMakeFiles/NFC_Card.elf.dir/Drivers/BSP/E-Paper/oled.c.obj
 .debug_loclists
                0x000010ff      0x105 CMakeFiles/NFC_Card.elf.dir/Drivers/STM32L0xx_HAL_Driver/Src/stm32l0xx_hal.c.obj
 .debug_loclists
                0x00001204      0x225 CMakeFiles/NFC_Card.elf.dir/Drivers/STM32L0xx_HAL_Driver/Src/stm32l0xx_hal_cortex.c.obj
 .debug_loclists
                0x00001429      0x2af CMakeFiles/NFC_Card.elf.dir/Drivers/STM32L0xx_HAL_Driver/Src/stm32l0xx_hal_gpio.c.obj
 .debug_loclists
                0x000016d8     0x3ac9 CMakeFiles/NFC_Card.elf.dir/Drivers/STM32L0xx_HAL_Driver/Src/stm32l0xx_hal_i2c.c.obj
 .debug_loclists
                0x000051a1      0x19c CMakeFiles/NFC_Card.elf.dir/Drivers/STM32L0xx_HAL_Driver/Src/stm32l0xx_hal_i2c_ex.c.obj
 .debug_loclists
                0x0000533d      0x4d8 CMakeFiles/NFC_Card.elf.dir/Drivers/STM32L0xx_HAL_Driver/Src/stm32l0xx_hal_rcc.c.obj
 .debug_loclists
                0x00005815      0x263 CMakeFiles/NFC_Card.elf.dir/Drivers/STM32L0xx_HAL_Driver/Src/stm32l0xx_hal_rcc_ex.c.obj
 .debug_loclists
                0x00005a78     0x25b7 CMakeFiles/NFC_Card.elf.dir/Drivers/STM32L0xx_HAL_Driver/Src/stm32l0xx_hal_uart.c.obj

.debug_line_str
                0x00000000      0x14a
 .debug_line_str
                0x00000000      0x14a CMakeFiles/NFC_Card.elf.dir/Core/Startup/startup_stm32l051k8ux.s.obj
                                 0x75 (size before relaxing)
 .debug_line_str
                0x0000014a       0xc9 C:/Software/arm-gnu-toolchain/bin/../lib/gcc/arm-none-eabi/13.3.1/thumb/v6-m/nofp\libgcc.a(_udivsi3.o)
 .debug_line_str
                0x0000014a       0xc9 C:/Software/arm-gnu-toolchain/bin/../lib/gcc/arm-none-eabi/13.3.1/thumb/v6-m/nofp\libgcc.a(_dvmd_tls.o)
 .debug_line_str
                0x0000014a       0xc9 C:/Software/arm-gnu-toolchain/bin/../lib/gcc/arm-none-eabi/13.3.1/thumb/v6-m/nofp\libgcc.a(_aeabi_uldivmod.o)
 .debug_line_str
                0x0000014a       0xc9 C:/Software/arm-gnu-toolchain/bin/../lib/gcc/arm-none-eabi/13.3.1/thumb/v6-m/nofp\libgcc.a(_clzdi2.o)
 .debug_line_str
                0x0000014a       0xc9 C:/Software/arm-gnu-toolchain/bin/../lib/gcc/arm-none-eabi/13.3.1/thumb/v6-m/nofp\libgcc.a(_clzsi2.o)
