Archive member included to satisfy reference by file (symbol)

C:/Software/arm-gnu-toolchain/bin/../lib/gcc/arm-none-eabi/13.3.1/thumb/v6-m/nofp\libgcc.a(_udivsi3.o)
                              CMakeFiles/NFC_Card.elf.dir/Core/Src/system_stm32l0xx.c.obj (__aeabi_uidiv)
C:/Software/arm-gnu-toolchain/bin/../lib/gcc/arm-none-eabi/13.3.1/thumb/v6-m/nofp\libgcc.a(_dvmd_tls.o)
                              C:/Software/arm-gnu-toolchain/bin/../lib/gcc/arm-none-eabi/13.3.1/thumb/v6-m/nofp\libgcc.a(_udivsi3.o) (__aeabi_idiv0)
C:/Software/arm-gnu-toolchain/bin/../lib/gcc/arm-none-eabi/13.3.1/thumb/v6-m/nofp\libgcc.a(_aeabi_uldivmod.o)
                              CMakeFiles/NFC_Card.elf.dir/Drivers/STM32L0xx_HAL_Driver/Src/stm32l0xx_hal_rcc.c.obj (__aeabi_uldivmod)
C:/Software/arm-gnu-toolchain/bin/../lib/gcc/arm-none-eabi/13.3.1/thumb/v6-m/nofp\libgcc.a(_muldi3.o)
                              CMakeFiles/NFC_Card.elf.dir/Drivers/STM32L0xx_HAL_Driver/Src/stm32l0xx_hal_rcc.c.obj (__aeabi_lmul)
C:/Software/arm-gnu-toolchain/bin/../lib/gcc/arm-none-eabi/13.3.1/thumb/v6-m/nofp\libgcc.a(_udivmoddi4.o)
                              C:/Software/arm-gnu-toolchain/bin/../lib/gcc/arm-none-eabi/13.3.1/thumb/v6-m/nofp\libgcc.a(_aeabi_uldivmod.o) (__udivmoddi4)
C:/Software/arm-gnu-toolchain/bin/../lib/gcc/arm-none-eabi/13.3.1/thumb/v6-m/nofp\libgcc.a(_clzdi2.o)
                              C:/Software/arm-gnu-toolchain/bin/../lib/gcc/arm-none-eabi/13.3.1/thumb/v6-m/nofp\libgcc.a(_udivmoddi4.o) (__clzdi2)
C:/Software/arm-gnu-toolchain/bin/../lib/gcc/arm-none-eabi/13.3.1/thumb/v6-m/nofp\libgcc.a(_clzsi2.o)
                              C:/Software/arm-gnu-toolchain/bin/../lib/gcc/arm-none-eabi/13.3.1/thumb/v6-m/nofp\libgcc.a(_clzdi2.o) (__clzsi2)
C:/Software/arm-gnu-toolchain/bin/../lib/gcc/arm-none-eabi/13.3.1/thumb/v6-m/nofp\libg.a(libc_a-exit.o)
                              C:/Software/arm-gnu-toolchain/bin/../lib/gcc/arm-none-eabi/13.3.1/thumb/v6-m/nofp/crt0.o (exit)
C:/Software/arm-gnu-toolchain/bin/../lib/gcc/arm-none-eabi/13.3.1/thumb/v6-m/nofp\libg.a(libc_a-findfp.o)
                              C:/Software/arm-gnu-toolchain/bin/../lib/gcc/arm-none-eabi/13.3.1/thumb/v6-m/nofp\libg.a(libc_a-exit.o) (__stdio_exit_handler)
C:/Software/arm-gnu-toolchain/bin/../lib/gcc/arm-none-eabi/13.3.1/thumb/v6-m/nofp\libg.a(libc_a-fwalk.o)
                              C:/Software/arm-gnu-toolchain/bin/../lib/gcc/arm-none-eabi/13.3.1/thumb/v6-m/nofp\libg.a(libc_a-findfp.o) (_fwalk_sglue)
C:/Software/arm-gnu-toolchain/bin/../lib/gcc/arm-none-eabi/13.3.1/thumb/v6-m/nofp\libg.a(libc_a-stdio.o)
                              C:/Software/arm-gnu-toolchain/bin/../lib/gcc/arm-none-eabi/13.3.1/thumb/v6-m/nofp\libg.a(libc_a-findfp.o) (__sread)
C:/Software/arm-gnu-toolchain/bin/../lib/gcc/arm-none-eabi/13.3.1/thumb/v6-m/nofp\libg.a(libc_a-vsprintf.o)
                              CMakeFiles/NFC_Card.elf.dir/Drivers/BSP/print.c.obj (vsprintf)
C:/Software/arm-gnu-toolchain/bin/../lib/gcc/arm-none-eabi/13.3.1/thumb/v6-m/nofp\libg.a(libc_a-memset.o)
                              C:/Software/arm-gnu-toolchain/bin/../lib/gcc/arm-none-eabi/13.3.1/thumb/v6-m/nofp/crt0.o (memset)
C:/Software/arm-gnu-toolchain/bin/../lib/gcc/arm-none-eabi/13.3.1/thumb/v6-m/nofp\libg.a(libc_a-closer.o)
                              C:/Software/arm-gnu-toolchain/bin/../lib/gcc/arm-none-eabi/13.3.1/thumb/v6-m/nofp\libg.a(libc_a-stdio.o) (_close_r)
C:/Software/arm-gnu-toolchain/bin/../lib/gcc/arm-none-eabi/13.3.1/thumb/v6-m/nofp\libg.a(libc_a-reent.o)
                              C:/Software/arm-gnu-toolchain/bin/../lib/gcc/arm-none-eabi/13.3.1/thumb/v6-m/nofp\libg.a(libc_a-closer.o) (errno)
C:/Software/arm-gnu-toolchain/bin/../lib/gcc/arm-none-eabi/13.3.1/thumb/v6-m/nofp\libg.a(libc_a-impure.o)
                              C:/Software/arm-gnu-toolchain/bin/../lib/gcc/arm-none-eabi/13.3.1/thumb/v6-m/nofp\libg.a(libc_a-vsprintf.o) (_impure_ptr)
C:/Software/arm-gnu-toolchain/bin/../lib/gcc/arm-none-eabi/13.3.1/thumb/v6-m/nofp\libg.a(libc_a-lseekr.o)
                              C:/Software/arm-gnu-toolchain/bin/../lib/gcc/arm-none-eabi/13.3.1/thumb/v6-m/nofp\libg.a(libc_a-stdio.o) (_lseek_r)
C:/Software/arm-gnu-toolchain/bin/../lib/gcc/arm-none-eabi/13.3.1/thumb/v6-m/nofp\libg.a(libc_a-readr.o)
                              C:/Software/arm-gnu-toolchain/bin/../lib/gcc/arm-none-eabi/13.3.1/thumb/v6-m/nofp\libg.a(libc_a-stdio.o) (_read_r)
C:/Software/arm-gnu-toolchain/bin/../lib/gcc/arm-none-eabi/13.3.1/thumb/v6-m/nofp\libg.a(libc_a-writer.o)
                              C:/Software/arm-gnu-toolchain/bin/../lib/gcc/arm-none-eabi/13.3.1/thumb/v6-m/nofp\libg.a(libc_a-stdio.o) (_write_r)
C:/Software/arm-gnu-toolchain/bin/../lib/gcc/arm-none-eabi/13.3.1/thumb/v6-m/nofp\libg.a(libc_a-errno.o)
                              CMakeFiles/NFC_Card.elf.dir/Core/Src/syscalls.c.obj (__errno)
[...]
Memory Configuration

Name             Origin             Length             Attributes
RAM              0x20000000         0x00002000         xrw
FLASH            0x08000000         0x00010000         xr
*default*        0x00000000         0xffffffff

Linker script and memory map

LOAD C:/Software/arm-gnu-toolchain/bin/../lib/gcc/arm-none-eabi/13.3.1/thumb/v6-m/nofp/crti.o
LOAD C:/Software/arm-gnu-toolchain/bin/../lib/gcc/arm-none-eabi/13.3.1/thumb/v6-m/nofp/crtbegin.o
LOAD C:/Software/arm-gnu-toolchain/bin/../lib/gcc/arm-none-eabi/13.3.1/thumb/v6-m/nofp/crt0.o
LOAD CMakeFiles/NFC_Card.elf.dir/Core/Src/custom_bus.c.obj
LOAD CMakeFiles/NFC_Card.elf.dir/Core/Src/gpio.c.obj
LOAD CMakeFiles/NFC_Card.elf.dir/Core/Src/main.c.obj
LOAD CMakeFiles/NFC_Card.elf.dir/Core/Src/stm32l0xx_hal_msp.c.obj
LOAD CMakeFiles/NFC_Card.elf.dir/Core/Src/stm32l0xx_it.c.obj
LOAD CMakeFiles/NFC_Card.elf.dir/Core/Src/syscalls.c.obj
LOAD CMakeFiles/NFC_Card.elf.dir/Core/Src/sysmem.c.obj
LOAD CMakeFiles/NFC_Card.elf.dir/Core/Src/system_stm32l0xx.c.obj
LOAD CMakeFiles/NFC_Card.elf.dir/Core/Src/usart.c.obj
LOAD CMakeFiles/NFC_Card.elf.dir/Core/Startup/startup_stm32l051k8ux.s.obj
LOAD CMakeFiles/NFC_Card.elf.dir/Drivers/BSP/Components/ST25DV/st25dv.c.obj
LOAD CMakeFiles/NFC_Card.elf.dir/Drivers/BSP/Components/ST25DV/st25dv_reg.c.obj
LOAD CMakeFiles/NFC_Card.elf.dir/Drivers/BSP/E-Paper/epd_w21.c.obj
LOAD CMakeFiles/NFC_Card.elf.dir/Drivers/BSP/NFC04A1/nfc04a1.c.obj
LOAD CMakeFiles/NFC_Card.elf.dir/Drivers/BSP/NFC04A1/nfc04a1_nfctag.c.obj
LOAD CMakeFiles/NFC_Card.elf.dir/Drivers/BSP/print.c.obj
LOAD CMakeFiles/NFC_Card.elf.dir/Drivers/STM32L0xx_HAL_Driver/Src/stm32l0xx_hal.c.obj
LOAD CMakeFiles/NFC_Card.elf.dir/Drivers/STM32L0xx_HAL_Driver/Src/stm32l0xx_hal_cortex.c.obj
LOAD CMakeFiles/NFC_Card.elf.dir/Drivers/STM32L0xx_HAL_Driver/Src/stm32l0xx_hal_dma.c.obj
LOAD CMakeFiles/NFC_Card.elf.dir/Drivers/STM32L0xx_HAL_Driver/Src/stm32l0xx_hal_exti.c.obj
LOAD CMakeFiles/NFC_Card.elf.dir/Drivers/STM32L0xx_HAL_Driver/Src/stm32l0xx_hal_flash.c.obj
LOAD CMakeFiles/NFC_Card.elf.dir/Drivers/STM32L0xx_HAL_Driver/Src/stm32l0xx_hal_flash_ex.c.obj
LOAD CMakeFiles/NFC_Card.elf.dir/Drivers/STM32L0xx_HAL_Driver/Src/stm32l0xx_hal_flash_ramfunc.c.obj
LOAD CMakeFiles/NFC_Card.elf.dir/Drivers/STM32L0xx_HAL_Driver/Src/stm32l0xx_hal_gpio.c.obj
LOAD CMakeFiles/NFC_Card.elf.dir/Drivers/STM32L0xx_HAL_Driver/Src/stm32l0xx_hal_i2c.c.obj
LOAD CMakeFiles/NFC_Card.elf.dir/Drivers/STM32L0xx_HAL_Driver/Src/stm32l0xx_hal_i2c_ex.c.obj
LOAD CMakeFiles/NFC_Card.elf.dir/Drivers/STM32L0xx_HAL_Driver/Src/stm32l0xx_hal_pwr.c.obj
LOAD CMakeFiles/NFC_Card.elf.dir/Drivers/STM32L0xx_HAL_Driver/Src/stm32l0xx_hal_pwr_ex.c.obj
LOAD CMakeFiles/NFC_Card.elf.dir/Drivers/STM32L0xx_HAL_Driver/Src/stm32l0xx_hal_rcc.c.obj
LOAD CMakeFiles/NFC_Card.elf.dir/Drivers/STM32L0xx_HAL_Driver/Src/stm32l0xx_hal_rcc_ex.c.obj
LOAD CMakeFiles/NFC_Card.elf.dir/Drivers/STM32L0xx_HAL_Driver/Src/stm32l0xx_hal_tim.c.obj
LOAD CMakeFiles/NFC_Card.elf.dir/Drivers/STM32L0xx_HAL_Driver/Src/stm32l0xx_hal_tim_ex.c.obj
LOAD CMakeFiles/NFC_Card.elf.dir/Drivers/STM32L0xx_HAL_Driver/Src/stm32l0xx_hal_uart.c.obj
LOAD CMakeFiles/NFC_Card.elf.dir/Drivers/STM32L0xx_HAL_Driver/Src/stm32l0xx_hal_uart_ex.c.obj
LOAD CMakeFiles/NFC_Card.elf.dir/NFC/App/app_x-cube-nfc4.c.obj
START GROUP
LOAD C:/Software/arm-gnu-toolchain/bin/../lib/gcc/arm-none-eabi/13.3.1/thumb/v6-m/nofp\libgcc.a
LOAD C:/Software/arm-gnu-toolchain/bin/../lib/gcc/arm-none-eabi/13.3.1/thumb/v6-m/nofp\libg.a
LOAD C:/Software/arm-gnu-toolchain/bin/../lib/gcc/arm-none-eabi/13.3.1/thumb/v6-m/nofp\libc.a
END GROUP
LOAD C:/Software/arm-gnu-toolchain/bin/../lib/gcc/arm-none-eabi/13.3.1/thumb/v6-m/nofp/crtend.o
LOAD C:/Software/arm-gnu-toolchain/bin/../lib/gcc/arm-none-eabi/13.3.1/thumb/v6-m/nofp/crtn.o
                0x20002000                        _estack = (ORIGIN (RAM) + LENGTH (RAM))
                0x00000200                        _Min_Heap_Size = 0x200
                0x00000400                        _Min_Stack_Size = 0x400

.isr_vector     0x08000000       0xc0
                0x08000000                        . = ALIGN (0x4)
 *(.isr_vector)
 .isr_vector    0x08000000       0xc0 CMakeFiles/NFC_Card.elf.dir/Core/Startup/startup_stm32l051k8ux.s.obj
                0x08000000                g_pfnVectors
                0x080000c0                        . = ALIGN (0x4)

.text           0x080000c0     0x36b0
                0x080000c0                        . = ALIGN (0x4)
 *(.text)
 .text          0x080000c0      0x114 C:/Software/arm-gnu-toolchain/bin/../lib/gcc/arm-none-eabi/13.3.1/thumb/v6-m/nofp\libgcc.a(_udivsi3.o)
                0x080000c0                __aeabi_uidiv
                0x080000c0                __udivsi3
                0x080001cc                __aeabi_uidivmod
 .text          0x080001d4        0x4 C:/Software/arm-gnu-toolchain/bin/../lib/gcc/arm-none-eabi/13.3.1/thumb/v6-m/nofp\libgcc.a(_dvmd_tls.o)
                0x080001d4                __aeabi_idiv0
                0x080001d4                __aeabi_ldiv0
 .text          0x080001d8       0x40 C:/Software/arm-gnu-toolchain/bin/../lib/gcc/arm-none-eabi/13.3.1/thumb/v6-m/nofp\libgcc.a(_aeabi_uldivmod.o)
                0x080001d8                __aeabi_uldivmod
 .text          0x08000218       0x18 C:/Software/arm-gnu-toolchain/bin/../lib/gcc/arm-none-eabi/13.3.1/thumb/v6-m/nofp\libgcc.a(_clzdi2.o)
                0x08000218                __clzdi2
 .text          0x08000230       0x3c C:/Software/arm-gnu-toolchain/bin/../lib/gcc/arm-none-eabi/13.3.1/thumb/v6-m/nofp\libgcc.a(_clzsi2.o)
                0x08000230                __clzsi2
 *(.text*)
 .text.deregister_tm_clones
                0x0800026c       0x20 C:/Software/arm-gnu-toolchain/bin/../lib/gcc/arm-none-eabi/13.3.1/thumb/v6-m/nofp/crtbegin.o
 .text.register_tm_clones
                0x0800028c       0x28 C:/Software/arm-gnu-toolchain/bin/../lib/gcc/arm-none-eabi/13.3.1/thumb/v6-m/nofp/crtbegin.o
 .text.__do_global_dtors_aux
                0x080002b4       0x2c C:/Software/arm-gnu-toolchain/bin/../lib/gcc/arm-none-eabi/13.3.1/thumb/v6-m/nofp/crtbegin.o
 .text.frame_dummy
                0x080002e0       0x24 C:/Software/arm-gnu-toolchain/bin/../lib/gcc/arm-none-eabi/13.3.1/thumb/v6-m/nofp/crtbegin.o
 .text.I2C1_MspInit
                0x08000304       0x74 CMakeFiles/NFC_Card.elf.dir/Core/Src/custom_bus.c.obj
 .text.I2C1_MspDeInit
                0x08000378       0x2c CMakeFiles/NFC_Card.elf.dir/Core/Src/custom_bus.c.obj
 .text.BSP_I2C1_DeInit
                0x080003a4       0x3c CMakeFiles/NFC_Card.elf.dir/Core/Src/custom_bus.c.obj
                0x080003a4                BSP_I2C1_DeInit
 .text.BSP_I2C1_IsReady
                0x080003e0       0x24 CMakeFiles/NFC_Card.elf.dir/Core/Src/custom_bus.c.obj
                0x080003e0                BSP_I2C1_IsReady
 .text.BSP_I2C1_WriteReg16
                0x08000404       0x40 CMakeFiles/NFC_Card.elf.dir/Core/Src/custom_bus.c.obj
                0x08000404                BSP_I2C1_WriteReg16
 .text.BSP_I2C1_ReadReg16
                0x08000444       0x40 CMakeFiles/NFC_Card.elf.dir/Core/Src/custom_bus.c.obj
                0x08000444                BSP_I2C1_ReadReg16
 .text.MX_I2C1_Init
                0x08000484       0x50 CMakeFiles/NFC_Card.elf.dir/Core/Src/custom_bus.c.obj
                0x08000484                MX_I2C1_Init
 .text.BSP_I2C1_Init
                0x080004d4       0x60 CMakeFiles/NFC_Card.elf.dir/Core/Src/custom_bus.c.obj
                0x080004d4                BSP_I2C1_Init
 .text.MX_GPIO_Init
                0x08000534       0xec CMakeFiles/NFC_Card.elf.dir/Core/Src/gpio.c.obj
                0x08000534                MX_GPIO_Init
 .text.Error_Handler
                0x08000620        0x4 CMakeFiles/NFC_Card.elf.dir/Core/Src/main.c.obj
                0x08000620                Error_Handler
 .text.SystemClock_Config
                0x08000624       0x94 CMakeFiles/NFC_Card.elf.dir/Core/Src/main.c.obj
                0x08000624                SystemClock_Config
 .text.main     0x080006b8       0x7c CMakeFiles/NFC_Card.elf.dir/Core/Src/main.c.obj
                0x080006b8                main
 .text.HAL_MspInit
                0x08000734       0x1c CMakeFiles/NFC_Card.elf.dir/Core/Src/stm32l0xx_hal_msp.c.obj
                0x08000734                HAL_MspInit
 .text.NMI_Handler
                0x08000750        0x2 CMakeFiles/NFC_Card.elf.dir/Core/Src/stm32l0xx_it.c.obj
                0x08000750                NMI_Handler
 .text.HardFault_Handler
                0x08000752        0x2 CMakeFiles/NFC_Card.elf.dir/Core/Src/stm32l0xx_it.c.obj
                0x08000752                HardFault_Handler
 .text.SVC_Handler
                0x08000754        0x2 CMakeFiles/NFC_Card.elf.dir/Core/Src/stm32l0xx_it.c.obj
                0x08000754                SVC_Handler
 .text.PendSV_Handler
                0x08000756        0x2 CMakeFiles/NFC_Card.elf.dir/Core/Src/stm32l0xx_it.c.obj
                0x08000756                PendSV_Handler
 .text.SysTick_Handler
                0x08000758        0x8 CMakeFiles/NFC_Card.elf.dir/Core/Src/stm32l0xx_it.c.obj
                0x08000758                SysTick_Handler
 .text.EXTI2_3_IRQHandler
                0x08000760       0x10 CMakeFiles/NFC_Card.elf.dir/Core/Src/stm32l0xx_it.c.obj
                0x08000760                EXTI2_3_IRQHandler
 .text.EXTI4_15_IRQHandler
                0x08000770        0xc CMakeFiles/NFC_Card.elf.dir/Core/Src/stm32l0xx_it.c.obj
                0x08000770                EXTI4_15_IRQHandler
 .text.HAL_GPIO_EXTI_Callback
                0x0800077c       0x18 CMakeFiles/NFC_Card.elf.dir/Core/Src/stm32l0xx_it.c.obj
                0x0800077c                HAL_GPIO_EXTI_Callback
 .text.SystemInit
                0x08000794        0x2 CMakeFiles/NFC_Card.elf.dir/Core/Src/system_stm32l0xx.c.obj
                0x08000794                SystemInit
 *fill*         0x08000796        0x2 
 .text.MX_USART1_UART_Init
                0x08000798       0x3c CMakeFiles/NFC_Card.elf.dir/Core/Src/usart.c.obj
                0x08000798                MX_USART1_UART_Init
 .text.HAL_UART_MspInit
                0x080007d4       0x60 CMakeFiles/NFC_Card.elf.dir/Core/Src/usart.c.obj
                0x080007d4                HAL_UART_MspInit
 .text.Reset_Handler
                0x08000834       0x50 CMakeFiles/NFC_Card.elf.dir/Core/Startup/startup_stm32l051k8ux.s.obj
                0x08000834                Reset_Handler
 .text.Default_Handler
                0x08000884        0x2 CMakeFiles/NFC_Card.elf.dir/Core/Startup/startup_stm32l051k8ux.s.obj
                0x08000884                ADC1_COMP_IRQHandler
                0x08000884                TIM6_IRQHandler
                0x08000884                PVD_IRQHandler
                0x08000884                I2C1_IRQHandler
                0x08000884                SPI1_IRQHandler
                0x08000884                I2C2_IRQHandler
                0x08000884                RTC_IRQHandler
                0x08000884                DMA1_Channel4_5_6_7_IRQHandler
                0x08000884                RCC_IRQHandler
                0x08000884                DMA1_Channel1_IRQHandler
                0x08000884                Default_Handler
                0x08000884                TIM22_IRQHandler
                0x08000884                EXTI0_1_IRQHandler
                0x08000884                SPI2_IRQHandler
                0x08000884                TIM21_IRQHandler
                0x08000884                WWDG_IRQHandler
                0x08000884                LPUART1_IRQHandler
                0x08000884                TIM2_IRQHandler
                0x08000884                DMA1_Channel2_3_IRQHandler
                0x08000884                USART2_IRQHandler
                0x08000884                FLASH_IRQHandler
                0x08000884                USART1_IRQHandler
                0x08000884                LPTIM1_IRQHandler
 .text.ST25DV_IsDeviceReady
                0x08000886        0xa CMakeFiles/NFC_Card.elf.dir/Drivers/BSP/Components/ST25DV/st25dv.c.obj
                0x08000886                ST25DV_IsDeviceReady
 .text.ST25DV_ReadData
                0x08000890       0x10 CMakeFiles/NFC_Card.elf.dir/Drivers/BSP/Components/ST25DV/st25dv.c.obj
                0x08000890                ST25DV_ReadData
 .text.ST25DV_WriteData
                0x080008a0       0x8c CMakeFiles/NFC_Card.elf.dir/Drivers/BSP/Components/ST25DV/st25dv.c.obj
                0x080008a0                ST25DV_WriteData
 .text.ReadRegWrap
                0x0800092c       0x16 CMakeFiles/NFC_Card.elf.dir/Drivers/BSP/Components/ST25DV/st25dv.c.obj
 .text.WriteRegWrap
                0x08000942       0x4a CMakeFiles/NFC_Card.elf.dir/Drivers/BSP/Components/ST25DV/st25dv.c.obj
 .text.ST25DV_ReadID
                0x0800098c        0xa CMakeFiles/NFC_Card.elf.dir/Drivers/BSP/Components/ST25DV/st25dv.c.obj
                0x0800098c                ST25DV_ReadID
 .text.ST25DV_Init
                0x08000996       0x30 CMakeFiles/NFC_Card.elf.dir/Drivers/BSP/Components/ST25DV/st25dv.c.obj
                0x08000996                ST25DV_Init
 .text.ST25DV_GetGPOStatus
                0x080009c6       0x20 CMakeFiles/NFC_Card.elf.dir/Drivers/BSP/Components/ST25DV/st25dv.c.obj
                0x080009c6                ST25DV_GetGPOStatus
 .text.ST25DV_ConfigureGPO
                0x080009e6       0x16 CMakeFiles/NFC_Card.elf.dir/Drivers/BSP/Components/ST25DV/st25dv.c.obj
                0x080009e6                ST25DV_ConfigureGPO
 .text.ST25DV_RegisterBusIO
                0x080009fc       0x50 CMakeFiles/NFC_Card.elf.dir/Drivers/BSP/Components/ST25DV/st25dv.c.obj
                0x080009fc                ST25DV_RegisterBusIO
 .text.ST25DV_WriteRegister
                0x08000a4c       0x94 CMakeFiles/NFC_Card.elf.dir/Drivers/BSP/Components/ST25DV/st25dv.c.obj
                0x08000a4c                ST25DV_WriteRegister
 .text.ST25DV_PresentI2CPassword
                0x08000ae0       0x5e CMakeFiles/NFC_Card.elf.dir/Drivers/BSP/Components/ST25DV/st25dv.c.obj
                0x08000ae0                ST25DV_PresentI2CPassword
 .text.ST25DV_WriteEHMode
                0x08000b3e       0x16 CMakeFiles/NFC_Card.elf.dir/Drivers/BSP/Components/ST25DV/st25dv.c.obj
                0x08000b3e                ST25DV_WriteEHMode
 .text.ST25DV_ReadMBMode
                0x08000b54       0x2c CMakeFiles/NFC_Card.elf.dir/Drivers/BSP/Components/ST25DV/st25dv.c.obj
                0x08000b54                ST25DV_ReadMBMode
 .text.ST25DV_WriteMBMode
                0x08000b80       0x16 CMakeFiles/NFC_Card.elf.dir/Drivers/BSP/Components/ST25DV/st25dv.c.obj
                0x08000b80                ST25DV_WriteMBMode
 *fill*         0x08000b96        0x2 
 .text.ST25DV_ReadMailboxData
                0x08000b98       0x28 CMakeFiles/NFC_Card.elf.dir/Drivers/BSP/Components/ST25DV/st25dv.c.obj
                0x08000b98                ST25DV_ReadMailboxData
 .text.ST25DV_ReadI2CSecuritySession_Dyn
                0x08000bc0       0x2c CMakeFiles/NFC_Card.elf.dir/Drivers/BSP/Components/ST25DV/st25dv.c.obj
                0x08000bc0                ST25DV_ReadI2CSecuritySession_Dyn
 .text.ST25DV_SetEHENMode_Dyn
                0x08000bec       0x16 CMakeFiles/NFC_Card.elf.dir/Drivers/BSP/Components/ST25DV/st25dv.c.obj
                0x08000bec                ST25DV_SetEHENMode_Dyn
 .text.ST25DV_ReadMBCtrl_Dyn
                0x08000c02       0x42 CMakeFiles/NFC_Card.elf.dir/Drivers/BSP/Components/ST25DV/st25dv.c.obj
                0x08000c02                ST25DV_ReadMBCtrl_Dyn
 .text.ST25DV_SetMBEN_Dyn
                0x08000c44       0x16 CMakeFiles/NFC_Card.elf.dir/Drivers/BSP/Components/ST25DV/st25dv.c.obj
                0x08000c44                ST25DV_SetMBEN_Dyn
 .text.ST25DV_ReadMBLength_Dyn
                0x08000c5a        0xa CMakeFiles/NFC_Card.elf.dir/Drivers/BSP/Components/ST25DV/st25dv.c.obj
                0x08000c5a                ST25DV_ReadMBLength_Dyn
 .text.ST25DV_ReadReg
                0x08000c64        0xa CMakeFiles/NFC_Card.elf.dir/Drivers/BSP/Components/ST25DV/st25dv_reg.c.obj
                0x08000c64                ST25DV_ReadReg
 .text.ST25DV_WriteReg
                0x08000c6e        0xa CMakeFiles/NFC_Card.elf.dir/Drivers/BSP/Components/ST25DV/st25dv_reg.c.obj
                0x08000c6e                ST25DV_WriteReg
 .text.ST25DV_GetICREF
                0x08000c78       0x18 CMakeFiles/NFC_Card.elf.dir/Drivers/BSP/Components/ST25DV/st25dv_reg.c.obj
                0x08000c78                ST25DV_GetICREF
 .text.ST25DV_GetMB_MODE_RW
                0x08000c90       0x22 CMakeFiles/NFC_Card.elf.dir/Drivers/BSP/Components/ST25DV/st25dv_reg.c.obj
                0x08000c90                ST25DV_GetMB_MODE_RW
 .text.ST25DV_SetMB_MODE_RW
                0x08000cb2       0x4c CMakeFiles/NFC_Card.elf.dir/Drivers/BSP/Components/ST25DV/st25dv_reg.c.obj
                0x08000cb2                ST25DV_SetMB_MODE_RW
 *fill*         0x08000cfe        0x2 
 .text.ST25DV_GetMBLEN_DYN_MBLEN
                0x08000d00       0x1c CMakeFiles/NFC_Card.elf.dir/Drivers/BSP/Components/ST25DV/st25dv_reg.c.obj
                0x08000d00                ST25DV_GetMBLEN_DYN_MBLEN
 .text.ST25DV_SetMB_CTRL_DYN_MBEN
                0x08000d1c       0x50 CMakeFiles/NFC_Card.elf.dir/Drivers/BSP/Components/ST25DV/st25dv_reg.c.obj
                0x08000d1c                ST25DV_SetMB_CTRL_DYN_MBEN
 .text.ST25DV_GetMB_CTRL_DYN_ALL
                0x08000d6c       0x1c CMakeFiles/NFC_Card.elf.dir/Drivers/BSP/Components/ST25DV/st25dv_reg.c.obj
                0x08000d6c                ST25DV_GetMB_CTRL_DYN_ALL
 .text.ST25DV_GetGPO_ALL
                0x08000d88       0x18 CMakeFiles/NFC_Card.elf.dir/Drivers/BSP/Components/ST25DV/st25dv_reg.c.obj
                0x08000d88                ST25DV_GetGPO_ALL
 .text.ST25DV_SetGPO_ALL
                0x08000da0       0x18 CMakeFiles/NFC_Card.elf.dir/Drivers/BSP/Components/ST25DV/st25dv_reg.c.obj
                0x08000da0                ST25DV_SetGPO_ALL
 .text.ST25DV_SetEH_MODE
                0x08000db8       0x4c CMakeFiles/NFC_Card.elf.dir/Drivers/BSP/Components/ST25DV/st25dv_reg.c.obj
                0x08000db8                ST25DV_SetEH_MODE
 .text.ST25DV_SetEH_CTRL_DYN_EH_EN
                0x08000e04       0x50 CMakeFiles/NFC_Card.elf.dir/Drivers/BSP/Components/ST25DV/st25dv_reg.c.obj
                0x08000e04                ST25DV_SetEH_CTRL_DYN_EH_EN
 .text.ST25DV_GetI2C_SSO_DYN_I2CSSO
                0x08000e54       0x28 CMakeFiles/NFC_Card.elf.dir/Drivers/BSP/Components/ST25DV/st25dv_reg.c.obj
                0x08000e54                ST25DV_GetI2C_SSO_DYN_I2CSSO
 .text.SpiDelay
                0x08000e7c       0x18 CMakeFiles/NFC_Card.elf.dir/Drivers/BSP/E-Paper/epd_w21.c.obj
                0x08000e7c                SpiDelay
 .text.DriverDelay
                0x08000e94        0x8 CMakeFiles/NFC_Card.elf.dir/Drivers/BSP/E-Paper/epd_w21.c.obj
                0x08000e94                DriverDelay
 .text.ReadBusy
                0x08000e9c       0x2e CMakeFiles/NFC_Card.elf.dir/Drivers/BSP/E-Paper/epd_w21.c.obj
 .text.SpiWrite
                0x08000eca       0x66 CMakeFiles/NFC_Card.elf.dir/Drivers/BSP/E-Paper/epd_w21.c.obj
                0x08000eca                SpiWrite
 .text.EpdW21Write
                0x08000f30       0x58 CMakeFiles/NFC_Card.elf.dir/Drivers/BSP/E-Paper/epd_w21.c.obj
 .text.EpdW21SetRamArea
                0x08000f88       0x38 CMakeFiles/NFC_Card.elf.dir/Drivers/BSP/E-Paper/epd_w21.c.obj
 .text.EpdW21SetRamPointer
                0x08000fc0       0x28 CMakeFiles/NFC_Card.elf.dir/Drivers/BSP/E-Paper/epd_w21.c.obj
 .text.EpdW21DispInit
                0x08000fe8       0x60 CMakeFiles/NFC_Card.elf.dir/Drivers/BSP/E-Paper/epd_w21.c.obj
 .text.EpdW21Init
                0x08001048       0x30 CMakeFiles/NFC_Card.elf.dir/Drivers/BSP/E-Paper/epd_w21.c.obj
 .text.EpdW21WirteLUT
                0x08001078        0x8 CMakeFiles/NFC_Card.elf.dir/Drivers/BSP/E-Paper/epd_w21.c.obj
 .text.EpdW21WriteCMD_p1
                0x08001080       0x4c CMakeFiles/NFC_Card.elf.dir/Drivers/BSP/E-Paper/epd_w21.c.obj
 .text.EpdW21WriteCMD
                0x080010cc       0x34 CMakeFiles/NFC_Card.elf.dir/Drivers/BSP/E-Paper/epd_w21.c.obj
 .text.EpdW21PowerOn
                0x08001100       0x12 CMakeFiles/NFC_Card.elf.dir/Drivers/BSP/E-Paper/epd_w21.c.obj
 .text.EpdW21Update
                0x08001112       0x18 CMakeFiles/NFC_Card.elf.dir/Drivers/BSP/E-Paper/epd_w21.c.obj
 *fill*         0x0800112a        0x2 
 .text.EpdW21WriteDispRamMono
                0x0800112c       0x78 CMakeFiles/NFC_Card.elf.dir/Drivers/BSP/E-Paper/epd_w21.c.obj
 .text.EpdW21WriteDispRam
                0x080011a4       0x78 CMakeFiles/NFC_Card.elf.dir/Drivers/BSP/E-Paper/epd_w21.c.obj
 .text.EpdInitFull
                0x0800121c       0x18 CMakeFiles/NFC_Card.elf.dir/Drivers/BSP/E-Paper/epd_w21.c.obj
                0x0800121c                EpdInitFull
 .text.EpdDisFull
                0x08001234       0x30 CMakeFiles/NFC_Card.elf.dir/Drivers/BSP/E-Paper/epd_w21.c.obj
                0x08001234                EpdDisFull
 .text.NFC04A1_GPO_Init
                0x08001264       0x58 CMakeFiles/NFC_Card.elf.dir/Drivers/BSP/NFC04A1/nfc04a1.c.obj
                0x08001264                NFC04A1_GPO_Init
 .text.NFC04A1_NFCTAG_Init
                0x080012bc       0x84 CMakeFiles/NFC_Card.elf.dir/Drivers/BSP/NFC04A1/nfc04a1_nfctag.c.obj
                0x080012bc                NFC04A1_NFCTAG_Init
 .text.NFC04A1_NFCTAG_ConfigIT
                0x08001340       0x20 CMakeFiles/NFC_Card.elf.dir/Drivers/BSP/NFC04A1/nfc04a1_nfctag.c.obj
                0x08001340                NFC04A1_NFCTAG_ConfigIT
 .text.NFC04A1_NFCTAG_PresentI2CPassword
                0x08001360       0x18 CMakeFiles/NFC_Card.elf.dir/Drivers/BSP/NFC04A1/nfc04a1_nfctag.c.obj
                0x08001360                NFC04A1_NFCTAG_PresentI2CPassword
 .text.NFC04A1_NFCTAG_WriteEHMode
                0x08001378       0x10 CMakeFiles/NFC_Card.elf.dir/Drivers/BSP/NFC04A1/nfc04a1_nfctag.c.obj
                0x08001378                NFC04A1_NFCTAG_WriteEHMode
 .text.NFC04A1_NFCTAG_ReadMBMode
                0x08001388       0x10 CMakeFiles/NFC_Card.elf.dir/Drivers/BSP/NFC04A1/nfc04a1_nfctag.c.obj
                0x08001388                NFC04A1_NFCTAG_ReadMBMode
 .text.NFC04A1_NFCTAG_WriteMBMode
                0x08001398       0x10 CMakeFiles/NFC_Card.elf.dir/Drivers/BSP/NFC04A1/nfc04a1_nfctag.c.obj
                0x08001398                NFC04A1_NFCTAG_WriteMBMode
 .text.NFC04A1_NFCTAG_ReadMailboxData
                0x080013a8       0x10 CMakeFiles/NFC_Card.elf.dir/Drivers/BSP/NFC04A1/nfc04a1_nfctag.c.obj
                0x080013a8                NFC04A1_NFCTAG_ReadMailboxData
 .text.NFC04A1_NFCTAG_ReadI2CSecuritySession_Dyn
                0x080013b8       0x10 CMakeFiles/NFC_Card.elf.dir/Drivers/BSP/NFC04A1/nfc04a1_nfctag.c.obj
                0x080013b8                NFC04A1_NFCTAG_ReadI2CSecuritySession_Dyn
 .text.NFC04A1_NFCTAG_SetEHENMode_Dyn
                0x080013c8       0x10 CMakeFiles/NFC_Card.elf.dir/Drivers/BSP/NFC04A1/nfc04a1_nfctag.c.obj
                0x080013c8                NFC04A1_NFCTAG_SetEHENMode_Dyn
 .text.NFC04A1_NFCTAG_ReadMBCtrl_Dyn
                0x080013d8       0x10 CMakeFiles/NFC_Card.elf.dir/Drivers/BSP/NFC04A1/nfc04a1_nfctag.c.obj
                0x080013d8                NFC04A1_NFCTAG_ReadMBCtrl_Dyn
 .text.NFC04A1_NFCTAG_SetMBEN_Dyn
                0x080013e8       0x10 CMakeFiles/NFC_Card.elf.dir/Drivers/BSP/NFC04A1/nfc04a1_nfctag.c.obj
                0x080013e8                NFC04A1_NFCTAG_SetMBEN_Dyn
 .text.NFC04A1_NFCTAG_ReadMBLength_Dyn
                0x080013f8       0x10 CMakeFiles/NFC_Card.elf.dir/Drivers/BSP/NFC04A1/nfc04a1_nfctag.c.obj
                0x080013f8                NFC04A1_NFCTAG_ReadMBLength_Dyn
 .text.HAL_InitTick
                0x08001408       0x50 CMakeFiles/NFC_Card.elf.dir/Drivers/STM32L0xx_HAL_Driver/Src/stm32l0xx_hal.c.obj
                0x08001408                HAL_InitTick
 .text.HAL_Init
                0x08001458       0x28 CMakeFiles/NFC_Card.elf.dir/Drivers/STM32L0xx_HAL_Driver/Src/stm32l0xx_hal.c.obj
                0x08001458                HAL_Init
 .text.HAL_IncTick
                0x08001480       0x18 CMakeFiles/NFC_Card.elf.dir/Drivers/STM32L0xx_HAL_Driver/Src/stm32l0xx_hal.c.obj
                0x08001480                HAL_IncTick
 .text.HAL_GetTick
                0x08001498        0xc CMakeFiles/NFC_Card.elf.dir/Drivers/STM32L0xx_HAL_Driver/Src/stm32l0xx_hal.c.obj
                0x08001498                HAL_GetTick
 .text.HAL_Delay
                0x080014a4       0x24 CMakeFiles/NFC_Card.elf.dir/Drivers/STM32L0xx_HAL_Driver/Src/stm32l0xx_hal.c.obj
                0x080014a4                HAL_Delay
 .text.__NVIC_SetPriority
                0x080014c8       0x60 CMakeFiles/NFC_Card.elf.dir/Drivers/STM32L0xx_HAL_Driver/Src/stm32l0xx_hal_cortex.c.obj
 .text.SysTick_Config
                0x08001528       0x38 CMakeFiles/NFC_Card.elf.dir/Drivers/STM32L0xx_HAL_Driver/Src/stm32l0xx_hal_cortex.c.obj
 .text.HAL_NVIC_SetPriority
                0x08001560        0x8 CMakeFiles/NFC_Card.elf.dir/Drivers/STM32L0xx_HAL_Driver/Src/stm32l0xx_hal_cortex.c.obj
                0x08001560                HAL_NVIC_SetPriority
 .text.HAL_NVIC_EnableIRQ
                0x08001568       0x18 CMakeFiles/NFC_Card.elf.dir/Drivers/STM32L0xx_HAL_Driver/Src/stm32l0xx_hal_cortex.c.obj
                0x08001568                HAL_NVIC_EnableIRQ
 .text.HAL_SYSTICK_Config
                0x08001580        0x8 CMakeFiles/NFC_Card.elf.dir/Drivers/STM32L0xx_HAL_Driver/Src/stm32l0xx_hal_cortex.c.obj
                0x08001580                HAL_SYSTICK_Config
 .text.HAL_EXTI_RegisterCallback
                0x08001588        0xe CMakeFiles/NFC_Card.elf.dir/Drivers/STM32L0xx_HAL_Driver/Src/stm32l0xx_hal_exti.c.obj
                0x08001588                HAL_EXTI_RegisterCallback
 .text.HAL_EXTI_GetHandle
                0x08001596        0xe CMakeFiles/NFC_Card.elf.dir/Drivers/STM32L0xx_HAL_Driver/Src/stm32l0xx_hal_exti.c.obj
                0x08001596                HAL_EXTI_GetHandle
 .text.HAL_EXTI_IRQHandler
                0x080015a4       0x28 CMakeFiles/NFC_Card.elf.dir/Drivers/STM32L0xx_HAL_Driver/Src/stm32l0xx_hal_exti.c.obj
                0x080015a4                HAL_EXTI_IRQHandler
 .text.HAL_GPIO_Init
                0x080015cc      0x18c CMakeFiles/NFC_Card.elf.dir/Drivers/STM32L0xx_HAL_Driver/Src/stm32l0xx_hal_gpio.c.obj
                0x080015cc                HAL_GPIO_Init
 .text.HAL_GPIO_DeInit
                0x08001758      0x104 CMakeFiles/NFC_Card.elf.dir/Drivers/STM32L0xx_HAL_Driver/Src/stm32l0xx_hal_gpio.c.obj
                0x08001758                HAL_GPIO_DeInit
 .text.HAL_GPIO_ReadPin
                0x0800185c        0xe CMakeFiles/NFC_Card.elf.dir/Drivers/STM32L0xx_HAL_Driver/Src/stm32l0xx_hal_gpio.c.obj
                0x0800185c                HAL_GPIO_ReadPin
 .text.HAL_GPIO_WritePin
                0x0800186a        0xc CMakeFiles/NFC_Card.elf.dir/Drivers/STM32L0xx_HAL_Driver/Src/stm32l0xx_hal_gpio.c.obj
                0x0800186a                HAL_GPIO_WritePin
 *fill*         0x08001876        0x2 
 .text.HAL_GPIO_EXTI_IRQHandler
                0x08001878       0x1c CMakeFiles/NFC_Card.elf.dir/Drivers/STM32L0xx_HAL_Driver/Src/stm32l0xx_hal_gpio.c.obj
                0x08001878                HAL_GPIO_EXTI_IRQHandler
 .text.I2C_Flush_TXDR
                0x08001894       0x1e CMakeFiles/NFC_Card.elf.dir/Drivers/STM32L0xx_HAL_Driver/Src/stm32l0xx_hal_i2c.c.obj
 *fill*         0x080018b2        0x2 
 .text.I2C_TransferConfig
                0x080018b4       0x34 CMakeFiles/NFC_Card.elf.dir/Drivers/STM32L0xx_HAL_Driver/Src/stm32l0xx_hal_i2c.c.obj
 .text.I2C_IsErrorOccurred
                0x080018e8      0x118 CMakeFiles/NFC_Card.elf.dir/Drivers/STM32L0xx_HAL_Driver/Src/stm32l0xx_hal_i2c.c.obj
 .text.I2C_WaitOnTXISFlagUntilTimeout
                0x08001a00       0x5a CMakeFiles/NFC_Card.elf.dir/Drivers/STM32L0xx_HAL_Driver/Src/stm32l0xx_hal_i2c.c.obj
 .text.I2C_WaitOnFlagUntilTimeout
                0x08001a5a       0x70 CMakeFiles/NFC_Card.elf.dir/Drivers/STM32L0xx_HAL_Driver/Src/stm32l0xx_hal_i2c.c.obj
 *fill*         0x08001aca        0x2 
 .text.I2C_RequestMemoryWrite
                0x08001acc       0x78 CMakeFiles/NFC_Card.elf.dir/Drivers/STM32L0xx_HAL_Driver/Src/stm32l0xx_hal_i2c.c.obj
 .text.I2C_RequestMemoryRead
                0x08001b44       0x74 CMakeFiles/NFC_Card.elf.dir/Drivers/STM32L0xx_HAL_Driver/Src/stm32l0xx_hal_i2c.c.obj
 .text.I2C_WaitOnSTOPFlagUntilTimeout
                0x08001bb8       0x5a CMakeFiles/NFC_Card.elf.dir/Drivers/STM32L0xx_HAL_Driver/Src/stm32l0xx_hal_i2c.c.obj
 .text.HAL_I2C_MspInit
                0x08001c12        0x2 CMakeFiles/NFC_Card.elf.dir/Drivers/STM32L0xx_HAL_Driver/Src/stm32l0xx_hal_i2c.c.obj
                0x08001c12                HAL_I2C_MspInit
 .text.HAL_I2C_Init
                0x08001c14       0xcc CMakeFiles/NFC_Card.elf.dir/Drivers/STM32L0xx_HAL_Driver/Src/stm32l0xx_hal_i2c.c.obj
                0x08001c14                HAL_I2C_Init
 .text.HAL_I2C_MspDeInit
                0x08001ce0        0x2 CMakeFiles/NFC_Card.elf.dir/Drivers/STM32L0xx_HAL_Driver/Src/stm32l0xx_hal_i2c.c.obj
                0x08001ce0                HAL_I2C_MspDeInit
 .text.HAL_I2C_DeInit
                0x08001ce2       0x32 CMakeFiles/NFC_Card.elf.dir/Drivers/STM32L0xx_HAL_Driver/Src/stm32l0xx_hal_i2c.c.obj
                0x08001ce2                HAL_I2C_DeInit
 .text.HAL_I2C_Mem_Write
                0x08001d14      0x1a0 CMakeFiles/NFC_Card.elf.dir/Drivers/STM32L0xx_HAL_Driver/Src/stm32l0xx_hal_i2c.c.obj
                0x08001d14                HAL_I2C_Mem_Write
 .text.HAL_I2C_Mem_Read
                0x08001eb4      0x1a8 CMakeFiles/NFC_Card.elf.dir/Drivers/STM32L0xx_HAL_Driver/Src/stm32l0xx_hal_i2c.c.obj
                0x08001eb4                HAL_I2C_Mem_Read
 .text.HAL_I2C_IsDeviceReady
                0x0800205c      0x18c CMakeFiles/NFC_Card.elf.dir/Drivers/STM32L0xx_HAL_Driver/Src/stm32l0xx_hal_i2c.c.obj
                0x0800205c                HAL_I2C_IsDeviceReady
 .text.HAL_I2C_GetState
                0x080021e8        0x8 CMakeFiles/NFC_Card.elf.dir/Drivers/STM32L0xx_HAL_Driver/Src/stm32l0xx_hal_i2c.c.obj
                0x080021e8                HAL_I2C_GetState
 .text.HAL_I2C_GetError
                0x080021f0        0x4 CMakeFiles/NFC_Card.elf.dir/Drivers/STM32L0xx_HAL_Driver/Src/stm32l0xx_hal_i2c.c.obj
                0x080021f0                HAL_I2C_GetError
 .text.HAL_I2CEx_ConfigAnalogFilter
                0x080021f4       0x58 CMakeFiles/NFC_Card.elf.dir/Drivers/STM32L0xx_HAL_Driver/Src/stm32l0xx_hal_i2c_ex.c.obj
                0x080021f4                HAL_I2CEx_ConfigAnalogFilter
 .text.HAL_I2CEx_ConfigDigitalFilter
                0x0800224c       0x54 CMakeFiles/NFC_Card.elf.dir/Drivers/STM32L0xx_HAL_Driver/Src/stm32l0xx_hal_i2c_ex.c.obj
                0x0800224c                HAL_I2CEx_ConfigDigitalFilter
 .text.HAL_RCC_GetSysClockFreq
                0x080022a0       0xb0 CMakeFiles/NFC_Card.elf.dir/Drivers/STM32L0xx_HAL_Driver/Src/stm32l0xx_hal_rcc.c.obj
                0x080022a0                HAL_RCC_GetSysClockFreq
 .text.HAL_RCC_OscConfig
                0x08002350      0x50c CMakeFiles/NFC_Card.elf.dir/Drivers/STM32L0xx_HAL_Driver/Src/stm32l0xx_hal_rcc.c.obj
                0x08002350                HAL_RCC_OscConfig
 .text.HAL_RCC_ClockConfig
                0x0800285c      0x1d8 CMakeFiles/NFC_Card.elf.dir/Drivers/STM32L0xx_HAL_Driver/Src/stm32l0xx_hal_rcc.c.obj
                0x0800285c                HAL_RCC_ClockConfig
 .text.HAL_RCC_GetHCLKFreq
                0x08002a34        0xc CMakeFiles/NFC_Card.elf.dir/Drivers/STM32L0xx_HAL_Driver/Src/stm32l0xx_hal_rcc.c.obj
                0x08002a34                HAL_RCC_GetHCLKFreq
 .text.HAL_RCC_GetPCLK1Freq
                0x08002a40       0x20 CMakeFiles/NFC_Card.elf.dir/Drivers/STM32L0xx_HAL_Driver/Src/stm32l0xx_hal_rcc.c.obj
                0x08002a40                HAL_RCC_GetPCLK1Freq
 .text.HAL_RCC_GetPCLK2Freq
                0x08002a60       0x20 CMakeFiles/NFC_Card.elf.dir/Drivers/STM32L0xx_HAL_Driver/Src/stm32l0xx_hal_rcc.c.obj
                0x08002a60                HAL_RCC_GetPCLK2Freq
 .text.HAL_RCCEx_PeriphCLKConfig
                0x08002a80      0x1b8 CMakeFiles/NFC_Card.elf.dir/Drivers/STM32L0xx_HAL_Driver/Src/stm32l0xx_hal_rcc_ex.c.obj
                0x08002a80                HAL_RCCEx_PeriphCLKConfig
 .text.UART_EndRxTransfer
                0x08002c38       0x60 CMakeFiles/NFC_Card.elf.dir/Drivers/STM32L0xx_HAL_Driver/Src/stm32l0xx_hal_uart.c.obj
 .text.UART_SetConfig
                0x08002c98      0x2a0 CMakeFiles/NFC_Card.elf.dir/Drivers/STM32L0xx_HAL_Driver/Src/stm32l0xx_hal_uart.c.obj
                0x08002c98                UART_SetConfig
 .text.UART_AdvFeatureConfig
                0x08002f38       0xe0 CMakeFiles/NFC_Card.elf.dir/Drivers/STM32L0xx_HAL_Driver/Src/stm32l0xx_hal_uart.c.obj
                0x08002f38                UART_AdvFeatureConfig
 .text.UART_WaitOnFlagUntilTimeout
                0x08003018       0x96 CMakeFiles/NFC_Card.elf.dir/Drivers/STM32L0xx_HAL_Driver/Src/stm32l0xx_hal_uart.c.obj
                0x08003018                UART_WaitOnFlagUntilTimeout
 *fill*         0x080030ae        0x2 
 .text.UART_CheckIdleState
                0x080030b0       0xd0 CMakeFiles/NFC_Card.elf.dir/Drivers/STM32L0xx_HAL_Driver/Src/stm32l0xx_hal_uart.c.obj
                0x080030b0                UART_CheckIdleState
 .text.HAL_UART_Init
                0x08003180       0x6c CMakeFiles/NFC_Card.elf.dir/Drivers/STM32L0xx_HAL_Driver/Src/stm32l0xx_hal_uart.c.obj
                0x08003180                HAL_UART_Init
 .text.MX_NFC4_MAILBOX_Init
                0x080031ec       0x94 CMakeFiles/NFC_Card.elf.dir/NFC/App/app_x-cube-nfc4.c.obj
                0x080031ec                MX_NFC4_MAILBOX_Init
 .text.MX_NFC_Init
                0x08003280        0x8 CMakeFiles/NFC_Card.elf.dir/NFC/App/app_x-cube-nfc4.c.obj
                0x08003280                MX_NFC_Init
 .text.MX_NFC4_MAILBOX_Process
                0x08003288       0xac CMakeFiles/NFC_Card.elf.dir/NFC/App/app_x-cube-nfc4.c.obj
                0x08003288                MX_NFC4_MAILBOX_Process
 .text.MX_NFC_Process
                0x08003334       0x34 CMakeFiles/NFC_Card.elf.dir/NFC/App/app_x-cube-nfc4.c.obj
                0x08003334                MX_NFC_Process
 .text.BSP_GPO_Callback
                0x08003368        0xc CMakeFiles/NFC_Card.elf.dir/NFC/App/app_x-cube-nfc4.c.obj
                0x08003368                BSP_GPO_Callback
 .text.__muldi3
                0x08003374       0x5c C:/Software/arm-gnu-toolchain/bin/../lib/gcc/arm-none-eabi/13.3.1/thumb/v6-m/nofp\libgcc.a(_muldi3.o)
                0x08003374                __muldi3
                0x08003374                __aeabi_lmul
 .text.__udivmoddi4
                0x080033d0      0x198 C:/Software/arm-gnu-toolchain/bin/../lib/gcc/arm-none-eabi/13.3.1/thumb/v6-m/nofp\libgcc.a(_udivmoddi4.o)
                0x080033d0                __udivmoddi4
 .text.memset   0x08003568       0xa8 C:/Software/arm-gnu-toolchain/bin/../lib/gcc/arm-none-eabi/13.3.1/thumb/v6-m/nofp\libg.a(libc_a-memset.o)
                0x08003568                memset
 .text.__libc_init_array
                0x08003610       0x48 C:/Software/arm-gnu-toolchain/bin/../lib/gcc/arm-none-eabi/13.3.1/thumb/v6-m/nofp\libg.a(libc_a-init.o)
                0x08003610                __libc_init_array
 .text.__retarget_lock_acquire_recursive
                0x08003658        0x4 C:/Software/arm-gnu-toolchain/bin/../lib/gcc/arm-none-eabi/13.3.1/thumb/v6-m/nofp\libg.a(libc_a-lock.o)
                0x08003658                __retarget_lock_acquire_recursive
 .text.__retarget_lock_release_recursive
                0x0800365c        0x4 C:/Software/arm-gnu-toolchain/bin/../lib/gcc/arm-none-eabi/13.3.1/thumb/v6-m/nofp\libg.a(libc_a-lock.o)
                0x0800365c                __retarget_lock_release_recursive
 .text.startup.register_fini
                0x08003660       0x18 C:/Software/arm-gnu-toolchain/bin/../lib/gcc/arm-none-eabi/13.3.1/thumb/v6-m/nofp\libg.a(libc_a-__call_atexit.o)
 .text.atexit   0x08003678       0x10 C:/Software/arm-gnu-toolchain/bin/../lib/gcc/arm-none-eabi/13.3.1/thumb/v6-m/nofp\libg.a(libc_a-atexit.o)
                0x08003678                atexit
 .text.__libc_fini_array
                0x08003688       0x28 C:/Software/arm-gnu-toolchain/bin/../lib/gcc/arm-none-eabi/13.3.1/thumb/v6-m/nofp\libg.a(libc_a-fini.o)
                0x08003688                __libc_fini_array
 .text.__register_exitproc
                0x080036b0       0xa8 C:/Software/arm-gnu-toolchain/bin/../lib/gcc/arm-none-eabi/13.3.1/thumb/v6-m/nofp\libg.a(libc_a-__atexit.o)
                0x080036b0                __register_exitproc
 *(.glue_7)
 .glue_7        0x08003758        0x0 linker stubs
 *(.glue_7t)
 .glue_7t       0x08003758        0x0 linker stubs
 *(.eh_frame)
 .eh_frame      0x08003758        0x0 C:/Software/arm-gnu-toolchain/bin/../lib/gcc/arm-none-eabi/13.3.1/thumb/v6-m/nofp/crtbegin.o
 *(.init)
 .init          0x08003758        0x4 C:/Software/arm-gnu-toolchain/bin/../lib/gcc/arm-none-eabi/13.3.1/thumb/v6-m/nofp/crti.o
                0x08003758                _init
 .init          0x0800375c        0x8 C:/Software/arm-gnu-toolchain/bin/../lib/gcc/arm-none-eabi/13.3.1/thumb/v6-m/nofp/crtn.o
 *(.fini)
 .fini          0x08003764        0x4 C:/Software/arm-gnu-toolchain/bin/../lib/gcc/arm-none-eabi/13.3.1/thumb/v6-m/nofp/crti.o
                0x08003764                _fini
 .fini          0x08003768        0x8 C:/Software/arm-gnu-toolchain/bin/../lib/gcc/arm-none-eabi/13.3.1/thumb/v6-m/nofp/crtn.o
                0x08003770                        . = ALIGN (0x4)
                0x08003770                        _etext = .

.vfp11_veneer   0x08003770        0x0
 .vfp11_veneer  0x08003770        0x0 linker stubs

.v4_bx          0x08003770        0x0
 .v4_bx         0x08003770        0x0 linker stubs

.iplt           0x08003770        0x0
 .iplt          0x08003770        0x0 C:/Software/arm-gnu-toolchain/bin/../lib/gcc/arm-none-eabi/13.3.1/thumb/v6-m/nofp/crtbegin.o

.rodata         0x08003770     0x1414
                0x08003770                        . = ALIGN (0x4)
 *(.rodata)
 *(.rodata*)
 .rodata.camera
                0x08003770     0x1388 CMakeFiles/NFC_Card.elf.dir/Core/Src/main.c.obj
                0x08003770                camera
 .rodata.PLLMulTable
                0x08004af8        0x9 CMakeFiles/NFC_Card.elf.dir/Core/Src/system_stm32l0xx.c.obj
                0x08004af8                PLLMulTable
 *fill*         0x08004b01        0x3 
 .rodata.APBPrescTable
                0x08004b04        0x8 CMakeFiles/NFC_Card.elf.dir/Core/Src/system_stm32l0xx.c.obj
                0x08004b04                APBPrescTable
 .rodata.AHBPrescTable
                0x08004b0c       0x10 CMakeFiles/NFC_Card.elf.dir/Core/Src/system_stm32l0xx.c.obj
                0x08004b0c                AHBPrescTable
 .rodata.LUTDefault_full
                0x08004b1c       0x1f CMakeFiles/NFC_Card.elf.dir/Drivers/BSP/E-Paper/epd_w21.c.obj
                0x08004b1c                LUTDefault_full
 *fill*         0x08004b3b        0x1 
 .rodata.UART_SetConfig
                0x08004b3c       0x48 CMakeFiles/NFC_Card.elf.dir/Drivers/STM32L0xx_HAL_Driver/Src/stm32l0xx_hal_uart.c.obj
                0x08004b84                        . = ALIGN (0x4)

.ARM.extab      0x08004b84        0x0
                0x08004b84                        . = ALIGN (0x4)
 *(.ARM.extab* .gnu.linkonce.armextab.*)
                0x08004b84                        . = ALIGN (0x4)

.ARM            0x08004b84        0x8
                0x08004b84                        . = ALIGN (0x4)
                0x08004b84                        __exidx_start = .
 *(.ARM.exidx*)
 .ARM.exidx.text.__udivmoddi4
                0x08004b84        0x8 C:/Software/arm-gnu-toolchain/bin/../lib/gcc/arm-none-eabi/13.3.1/thumb/v6-m/nofp\libgcc.a(_udivmoddi4.o)
                0x08004b8c                        __exidx_end = .
                0x08004b8c                        . = ALIGN (0x4)

.preinit_array  0x08004b8c        0x0
                0x08004b8c                        . = ALIGN (0x4)
                0x08004b8c                        PROVIDE (__preinit_array_start = .)
 *(.preinit_array*)
                0x08004b8c                        PROVIDE (__preinit_array_end = .)
                0x08004b8c                        . = ALIGN (0x4)

.init_array     0x08004b8c        0x8
                0x08004b8c                        . = ALIGN (0x4)
                0x08004b8c                        PROVIDE (__init_array_start = .)
 *(SORT_BY_NAME(.init_array.*))
 .init_array.00000
                0x08004b8c        0x4 C:/Software/arm-gnu-toolchain/bin/../lib/gcc/arm-none-eabi/13.3.1/thumb/v6-m/nofp\libg.a(libc_a-__call_atexit.o)
 *(.init_array*)
 .init_array    0x08004b90        0x4 C:/Software/arm-gnu-toolchain/bin/../lib/gcc/arm-none-eabi/13.3.1/thumb/v6-m/nofp/crtbegin.o
                0x08004b94                        PROVIDE (__init_array_end = .)
                0x08004b94                        . = ALIGN (0x4)

.fini_array     0x08004b94        0x4
                0x08004b94                        . = ALIGN (0x4)
                0x08004b94                        PROVIDE (__fini_array_start = .)
 *(SORT_BY_NAME(.fini_array.*))
 *(.fini_array*)
 .fini_array    0x08004b94        0x4 C:/Software/arm-gnu-toolchain/bin/../lib/gcc/arm-none-eabi/13.3.1/thumb/v6-m/nofp/crtbegin.o
                0x08004b98                        PROVIDE (__fini_array_end = .)
                0x08004b98                        . = ALIGN (0x4)
                0x08004b98                        _sidata = LOADADDR (.data)

.rel.dyn        0x08004b98        0x0
 .rel.iplt      0x08004b98        0x0 C:/Software/arm-gnu-toolchain/bin/../lib/gcc/arm-none-eabi/13.3.1/thumb/v6-m/nofp/crtbegin.o

.data           0x20000000     0x13d0 load address 0x08004b98
                0x20000000                        . = ALIGN (0x4)
                0x20000000                        _sdata = .
 *(.data)
 *(.data*)
 .data.nfcBuffer
                0x20000000     0x1388 CMakeFiles/NFC_Card.elf.dir/Core/Src/main.c.obj
                0x20000000                nfcBuffer
 .data.SystemCoreClock
                0x20001388        0x4 CMakeFiles/NFC_Card.elf.dir/Core/Src/system_stm32l0xx.c.obj
                0x20001388                SystemCoreClock
 .data.St25Dv_Drv
                0x2000138c       0x1c CMakeFiles/NFC_Card.elf.dir/Drivers/BSP/Components/ST25DV/st25dv.c.obj
                0x2000138c                St25Dv_Drv
 .data.ramDataEntryMode
                0x200013a8        0x2 CMakeFiles/NFC_Card.elf.dir/Drivers/BSP/E-Paper/epd_w21.c.obj
                0x200013a8                ramDataEntryMode
 *fill*         0x200013aa        0x2 
 .data.gateTime
                0x200013ac        0x2 CMakeFiles/NFC_Card.elf.dir/Drivers/BSP/E-Paper/epd_w21.c.obj
                0x200013ac                gateTime
 *fill*         0x200013ae        0x2 
 .data.dummyLine
                0x200013b0        0x2 CMakeFiles/NFC_Card.elf.dir/Drivers/BSP/E-Paper/epd_w21.c.obj
                0x200013b0                dummyLine
 *fill*         0x200013b2        0x2 
 .data.softStart
                0x200013b4        0x4 CMakeFiles/NFC_Card.elf.dir/Drivers/BSP/E-Paper/epd_w21.c.obj
                0x200013b4                softStart
 .data.GDOControl
                0x200013b8        0x4 CMakeFiles/NFC_Card.elf.dir/Drivers/BSP/E-Paper/epd_w21.c.obj
                0x200013b8                GDOControl
 .data.GPO_EXTI
                0x200013bc        0x8 CMakeFiles/NFC_Card.elf.dir/Drivers/BSP/NFC04A1/nfc04a1.c.obj
                0x200013bc                GPO_EXTI
 .data.uwTickFreq
                0x200013c4        0x1 CMakeFiles/NFC_Card.elf.dir/Drivers/STM32L0xx_HAL_Driver/Src/stm32l0xx_hal.c.obj
                0x200013c4                uwTickFreq
 *fill*         0x200013c5        0x3 
 .data.uwTickPrio
                0x200013c8        0x4 CMakeFiles/NFC_Card.elf.dir/Drivers/STM32L0xx_HAL_Driver/Src/stm32l0xx_hal.c.obj
                0x200013c8                uwTickPrio
 .data.__atexit_recursive_mutex
                0x200013cc        0x4 C:/Software/arm-gnu-toolchain/bin/../lib/gcc/arm-none-eabi/13.3.1/thumb/v6-m/nofp\libg.a(libc_a-__call_atexit.o)
                0x200013cc                __atexit_recursive_mutex
 *(.RamFunc)
 *(.RamFunc*)
                0x200013d0                        . = ALIGN (0x4)
                0x200013d0                        _edata = .

.tm_clone_table
                0x200013d0        0x0 load address 0x08005f68
 .tm_clone_table
                0x200013d0        0x0 C:/Software/arm-gnu-toolchain/bin/../lib/gcc/arm-none-eabi/13.3.1/thumb/v6-m/nofp/crtbegin.o
 .tm_clone_table
                0x200013d0        0x0 C:/Software/arm-gnu-toolchain/bin/../lib/gcc/arm-none-eabi/13.3.1/thumb/v6-m/nofp/crtend.o

.igot.plt       0x200013d0        0x0 load address 0x08005f68
 .igot.plt      0x200013d0        0x0 C:/Software/arm-gnu-toolchain/bin/../lib/gcc/arm-none-eabi/13.3.1/thumb/v6-m/nofp/crtbegin.o
                0x200013d0                        . = ALIGN (0x4)

.bss            0x200013d0      0x2e4 load address 0x08005f68
                0x200013d0                        _sbss = .
                0x200013d0                        __bss_start__ = _sbss
 *(.bss)
 *(.bss*)
 .bss.completed.1
                0x200013d0        0x1 C:/Software/arm-gnu-toolchain/bin/../lib/gcc/arm-none-eabi/13.3.1/thumb/v6-m/nofp/crtbegin.o
 *fill*         0x200013d1        0x3 
 .bss.object.0  0x200013d4       0x18 C:/Software/arm-gnu-toolchain/bin/../lib/gcc/arm-none-eabi/13.3.1/thumb/v6-m/nofp/crtbegin.o
 .bss.I2C1InitCounter
                0x200013ec        0x4 CMakeFiles/NFC_Card.elf.dir/Core/Src/custom_bus.c.obj
 .bss.hi2c1     0x200013f0       0x54 CMakeFiles/NFC_Card.elf.dir/Core/Src/custom_bus.c.obj
                0x200013f0                hi2c1
 .bss.key_flag  0x20001444        0x1 CMakeFiles/NFC_Card.elf.dir/Core/Src/stm32l0xx_it.c.obj
                0x20001444                key_flag
 *fill*         0x20001445        0x3 
 .bss.huart1    0x20001448       0x88 CMakeFiles/NFC_Card.elf.dir/Core/Src/usart.c.obj
                0x20001448                huart1
 .bss.NfcTagObj
                0x200014d0       0x28 CMakeFiles/NFC_Card.elf.dir/Drivers/BSP/NFC04A1/nfc04a1_nfctag.c.obj
 .bss.Nfctag_Drv
                0x200014f8        0x4 CMakeFiles/NFC_Card.elf.dir/Drivers/BSP/NFC04A1/nfc04a1_nfctag.c.obj
 .bss.uwTick    0x200014fc        0x4 CMakeFiles/NFC_Card.elf.dir/Drivers/STM32L0xx_HAL_Driver/Src/stm32l0xx_hal.c.obj
                0x200014fc                uwTick
 .bss.bufferIndex
                0x20001500        0x4 CMakeFiles/NFC_Card.elf.dir/NFC/App/app_x-cube-nfc4.c.obj
                0x20001500                bufferIndex
 .bss.picture__flag
                0x20001504        0x1 CMakeFiles/NFC_Card.elf.dir/NFC/App/app_x-cube-nfc4.c.obj
                0x20001504                picture__flag
 .bss.GPOActivated
                0x20001505        0x1 CMakeFiles/NFC_Card.elf.dir/NFC/App/app_x-cube-nfc4.c.obj
                0x20001505                GPOActivated
 .bss.i2csso    0x20001506        0x1 CMakeFiles/NFC_Card.elf.dir/NFC/App/app_x-cube-nfc4.c.obj
                0x20001506                i2csso
 *fill*         0x20001507        0x1 
 .bss.passwd    0x20001508        0x8 CMakeFiles/NFC_Card.elf.dir/NFC/App/app_x-cube-nfc4.c.obj
                0x20001508                passwd
 .bss.MB_mode   0x20001510        0x1 CMakeFiles/NFC_Card.elf.dir/NFC/App/app_x-cube-nfc4.c.obj
                0x20001510                MB_mode
 *fill*         0x20001511        0x3 
 .bss.mbctrldynstatus
                0x20001514        0x6 CMakeFiles/NFC_Card.elf.dir/NFC/App/app_x-cube-nfc4.c.obj
                0x20001514                mbctrldynstatus
 .bss.mblength  0x2000151a        0x2 CMakeFiles/NFC_Card.elf.dir/NFC/App/app_x-cube-nfc4.c.obj
                0x2000151a                mblength
 .bss.__lock___atexit_recursive_mutex
                0x2000151c        0x1 C:/Software/arm-gnu-toolchain/bin/../lib/gcc/arm-none-eabi/13.3.1/thumb/v6-m/nofp\libg.a(libc_a-lock.o)
                0x2000151c                __lock___atexit_recursive_mutex
 *fill*         0x2000151d        0x3 
 .bss.__atexit  0x20001520        0x4 C:/Software/arm-gnu-toolchain/bin/../lib/gcc/arm-none-eabi/13.3.1/thumb/v6-m/nofp\libg.a(libc_a-__call_atexit.o)
                0x20001520                __atexit
 .bss.__atexit0
                0x20001524      0x190 C:/Software/arm-gnu-toolchain/bin/../lib/gcc/arm-none-eabi/13.3.1/thumb/v6-m/nofp\libg.a(libc_a-__atexit.o)
                0x20001524                __atexit0
 *(COMMON)
                0x200016b4                        . = ALIGN (0x4)
                0x200016b4                        _ebss = .
                0x200016b4                        __bss_end__ = _ebss

._user_heap_stack
                0x200016b4      0x604 load address 0x08005f68
                0x200016b8                        . = ALIGN (0x8)
 *fill*         0x200016b4        0x4 
                [!provide]                        PROVIDE (end = .)
                0x200016b8                        PROVIDE (_end = .)
                0x200018b8                        . = (. + _Min_Heap_Size)
 *fill*         0x200016b8      0x200 
                0x20001cb8                        . = (. + _Min_Stack_Size)
 *fill*         0x200018b8      0x400 
                0x20001cb8                        . = ALIGN (0x8)

/DISCARD/
 libc.a(*)
 libm.a(*)
 libgcc.a(*)

.ARM.attributes
                0x00000000       0x28
 *(.ARM.attributes)
 .ARM.attributes
                0x00000000       0x1e C:/Software/arm-gnu-toolchain/bin/../lib/gcc/arm-none-eabi/13.3.1/thumb/v6-m/nofp/crti.o
 .ARM.attributes
                0x0000001e       0x2c C:/Software/arm-gnu-toolchain/bin/../lib/gcc/arm-none-eabi/13.3.1/thumb/v6-m/nofp/crtbegin.o
 .ARM.attributes
                0x0000004a       0x2c CMakeFiles/NFC_Card.elf.dir/Core/Src/custom_bus.c.obj
 .ARM.attributes
                0x00000076       0x2c CMakeFiles/NFC_Card.elf.dir/Core/Src/gpio.c.obj
 .ARM.attributes
                0x000000a2       0x2c CMakeFiles/NFC_Card.elf.dir/Core/Src/main.c.obj
 .ARM.attributes
                0x000000ce       0x2c CMakeFiles/NFC_Card.elf.dir/Core/Src/stm32l0xx_hal_msp.c.obj
 .ARM.attributes
                0x000000fa       0x2c CMakeFiles/NFC_Card.elf.dir/Core/Src/stm32l0xx_it.c.obj
 .ARM.attributes
                0x00000126       0x2c CMakeFiles/NFC_Card.elf.dir/Core/Src/system_stm32l0xx.c.obj
 .ARM.attributes
                0x00000152       0x2c CMakeFiles/NFC_Card.elf.dir/Core/Src/usart.c.obj
 .ARM.attributes
                0x0000017e       0x22 CMakeFiles/NFC_Card.elf.dir/Core/Startup/startup_stm32l051k8ux.s.obj
 .ARM.attributes
                0x000001a0       0x2c CMakeFiles/NFC_Card.elf.dir/Drivers/BSP/Components/ST25DV/st25dv.c.obj
 .ARM.attributes
                0x000001cc       0x2c CMakeFiles/NFC_Card.elf.dir/Drivers/BSP/Components/ST25DV/st25dv_reg.c.obj
 .ARM.attributes
                0x000001f8       0x2c CMakeFiles/NFC_Card.elf.dir/Drivers/BSP/E-Paper/epd_w21.c.obj
 .ARM.attributes
                0x00000224       0x2c CMakeFiles/NFC_Card.elf.dir/Drivers/BSP/NFC04A1/nfc04a1.c.obj
 .ARM.attributes
                0x00000250       0x2c CMakeFiles/NFC_Card.elf.dir/Drivers/BSP/NFC04A1/nfc04a1_nfctag.c.obj
 .ARM.attributes
                0x0000027c       0x2c CMakeFiles/NFC_Card.elf.dir/Drivers/STM32L0xx_HAL_Driver/Src/stm32l0xx_hal.c.obj
 .ARM.attributes
                0x000002a8       0x2c CMakeFiles/NFC_Card.elf.dir/Drivers/STM32L0xx_HAL_Driver/Src/stm32l0xx_hal_cortex.c.obj
 .ARM.attributes
                0x000002d4       0x2c CMakeFiles/NFC_Card.elf.dir/Drivers/STM32L0xx_HAL_Driver/Src/stm32l0xx_hal_exti.c.obj
 .ARM.attributes
                0x00000300       0x2c CMakeFiles/NFC_Card.elf.dir/Drivers/STM32L0xx_HAL_Driver/Src/stm32l0xx_hal_gpio.c.obj
 .ARM.attributes
                0x0000032c       0x2c CMakeFiles/NFC_Card.elf.dir/Drivers/STM32L0xx_HAL_Driver/Src/stm32l0xx_hal_i2c.c.obj
 .ARM.attributes
                0x00000358       0x2c CMakeFiles/NFC_Card.elf.dir/Drivers/STM32L0xx_HAL_Driver/Src/stm32l0xx_hal_i2c_ex.c.obj
 .ARM.attributes
                0x00000384       0x2c CMakeFiles/NFC_Card.elf.dir/Drivers/STM32L0xx_HAL_Driver/Src/stm32l0xx_hal_rcc.c.obj
 .ARM.attributes
                0x000003b0       0x2c CMakeFiles/NFC_Card.elf.dir/Drivers/STM32L0xx_HAL_Driver/Src/stm32l0xx_hal_rcc_ex.c.obj
 .ARM.attributes
                0x000003dc       0x2c CMakeFiles/NFC_Card.elf.dir/Drivers/STM32L0xx_HAL_Driver/Src/stm32l0xx_hal_uart.c.obj
 .ARM.attributes
                0x00000408       0x2c CMakeFiles/NFC_Card.elf.dir/NFC/App/app_x-cube-nfc4.c.obj
 .ARM.attributes
                0x00000434       0x1e C:/Software/arm-gnu-toolchain/bin/../lib/gcc/arm-none-eabi/13.3.1/thumb/v6-m/nofp\libgcc.a(_udivsi3.o)
 .ARM.attributes
                0x00000452       0x1e C:/Software/arm-gnu-toolchain/bin/../lib/gcc/arm-none-eabi/13.3.1/thumb/v6-m/nofp\libgcc.a(_dvmd_tls.o)
 .ARM.attributes
                0x00000470       0x1e C:/Software/arm-gnu-toolchain/bin/../lib/gcc/arm-none-eabi/13.3.1/thumb/v6-m/nofp\libgcc.a(_aeabi_uldivmod.o)
 .ARM.attributes
                0x0000048e       0x2c C:/Software/arm-gnu-toolchain/bin/../lib/gcc/arm-none-eabi/13.3.1/thumb/v6-m/nofp\libgcc.a(_muldi3.o)
 .ARM.attributes
                0x000004ba       0x2c C:/Software/arm-gnu-toolchain/bin/../lib/gcc/arm-none-eabi/13.3.1/thumb/v6-m/nofp\libgcc.a(_udivmoddi4.o)
 .ARM.attributes
                0x000004e6       0x1e C:/Software/arm-gnu-toolchain/bin/../lib/gcc/arm-none-eabi/13.3.1/thumb/v6-m/nofp\libgcc.a(_clzdi2.o)
 .ARM.attributes
                0x00000504       0x1e C:/Software/arm-gnu-toolchain/bin/../lib/gcc/arm-none-eabi/13.3.1/thumb/v6-m/nofp\libgcc.a(_clzsi2.o)
 .ARM.attributes
                0x00000522       0x2c C:/Software/arm-gnu-toolchain/bin/../lib/gcc/arm-none-eabi/13.3.1/thumb/v6-m/nofp\libg.a(libc_a-memset.o)
 .ARM.attributes
                0x0000054e       0x2c C:/Software/arm-gnu-toolchain/bin/../lib/gcc/arm-none-eabi/13.3.1/thumb/v6-m/nofp\libg.a(libc_a-init.o)
 .ARM.attributes
                0x0000057a       0x2c C:/Software/arm-gnu-toolchain/bin/../lib/gcc/arm-none-eabi/13.3.1/thumb/v6-m/nofp\libg.a(libc_a-lock.o)
 .ARM.attributes
                0x000005a6       0x2c C:/Software/arm-gnu-toolchain/bin/../lib/gcc/arm-none-eabi/13.3.1/thumb/v6-m/nofp\libg.a(libc_a-__call_atexit.o)
 .ARM.attributes
                0x000005d2       0x2c C:/Software/arm-gnu-toolchain/bin/../lib/gcc/arm-none-eabi/13.3.1/thumb/v6-m/nofp\libg.a(libc_a-atexit.o)
 .ARM.attributes
                0x000005fe       0x2c C:/Software/arm-gnu-toolchain/bin/../lib/gcc/arm-none-eabi/13.3.1/thumb/v6-m/nofp\libg.a(libc_a-fini.o)
 .ARM.attributes
                0x0000062a       0x2c C:/Software/arm-gnu-toolchain/bin/../lib/gcc/arm-none-eabi/13.3.1/thumb/v6-m/nofp\libg.a(libc_a-__atexit.o)
 .ARM.attributes
                0x00000656       0x2c C:/Software/arm-gnu-toolchain/bin/../lib/gcc/arm-none-eabi/13.3.1/thumb/v6-m/nofp/crtend.o
 .ARM.attributes
                0x00000682       0x1e C:/Software/arm-gnu-toolchain/bin/../lib/gcc/arm-none-eabi/13.3.1/thumb/v6-m/nofp/crtn.o
OUTPUT(NFC_Card.elf elf32-littlearm)
LOAD linker stubs
LOAD C:/Software/arm-gnu-toolchain/bin/../lib/gcc/arm-none-eabi/13.3.1/thumb/v6-m/nofp\libc.a
LOAD C:/Software/arm-gnu-toolchain/bin/../lib/gcc/arm-none-eabi/13.3.1/thumb/v6-m/nofp\libm.a
LOAD C:/Software/arm-gnu-toolchain/bin/../lib/gcc/arm-none-eabi/13.3.1/thumb/v6-m/nofp\libgcc.a

.debug_info     0x00000000    0x1c693
 .debug_info    0x00000000     0x11c2 CMakeFiles/NFC_Card.elf.dir/Core/Src/custom_bus.c.obj
 .debug_info    0x000011c2      0x5bc CMakeFiles/NFC_Card.elf.dir/Core/Src/gpio.c.obj
 .debug_info    0x0000177e      0x726 CMakeFiles/NFC_Card.elf.dir/Core/Src/main.c.obj
 .debug_info    0x00001ea4      0x1b6 CMakeFiles/NFC_Card.elf.dir/Core/Src/stm32l0xx_hal_msp.c.obj
 .debug_info    0x0000205a      0x20c CMakeFiles/NFC_Card.elf.dir/Core/Src/stm32l0xx_it.c.obj
 .debug_info    0x00002266      0x309 CMakeFiles/NFC_Card.elf.dir/Core/Src/system_stm32l0xx.c.obj
 .debug_info    0x0000256f      0xa01 CMakeFiles/NFC_Card.elf.dir/Core/Src/usart.c.obj
 .debug_info    0x00002f70       0x30 CMakeFiles/NFC_Card.elf.dir/Core/Startup/startup_stm32l051k8ux.s.obj
 .debug_info    0x00002fa0     0x3b8b CMakeFiles/NFC_Card.elf.dir/Drivers/BSP/Components/ST25DV/st25dv.c.obj
 .debug_info    0x00006b2b     0x45c4 CMakeFiles/NFC_Card.elf.dir/Drivers/BSP/Components/ST25DV/st25dv_reg.c.obj
 .debug_info    0x0000b0ef      0xe26 CMakeFiles/NFC_Card.elf.dir/Drivers/BSP/E-Paper/epd_w21.c.obj
 .debug_info    0x0000bf15      0x57d CMakeFiles/NFC_Card.elf.dir/Drivers/BSP/NFC04A1/nfc04a1.c.obj
 .debug_info    0x0000c492     0x3163 CMakeFiles/NFC_Card.elf.dir/Drivers/BSP/NFC04A1/nfc04a1_nfctag.c.obj
 .debug_info    0x0000f5f5      0x8d2 CMakeFiles/NFC_Card.elf.dir/Drivers/STM32L0xx_HAL_Driver/Src/stm32l0xx_hal.c.obj
 .debug_info    0x0000fec7      0x995 CMakeFiles/NFC_Card.elf.dir/Drivers/STM32L0xx_HAL_Driver/Src/stm32l0xx_hal_cortex.c.obj
 .debug_info    0x0001085c      0x57f CMakeFiles/NFC_Card.elf.dir/Drivers/STM32L0xx_HAL_Driver/Src/stm32l0xx_hal_exti.c.obj
 .debug_info    0x00010ddb      0x65e CMakeFiles/NFC_Card.elf.dir/Drivers/STM32L0xx_HAL_Driver/Src/stm32l0xx_hal_gpio.c.obj
 .debug_info    0x00011439     0x409d CMakeFiles/NFC_Card.elf.dir/Drivers/STM32L0xx_HAL_Driver/Src/stm32l0xx_hal_i2c.c.obj
 .debug_info    0x000154d6      0x8a1 CMakeFiles/NFC_Card.elf.dir/Drivers/STM32L0xx_HAL_Driver/Src/stm32l0xx_hal_i2c_ex.c.obj
 .debug_info    0x00015d77      0xc72 CMakeFiles/NFC_Card.elf.dir/Drivers/STM32L0xx_HAL_Driver/Src/stm32l0xx_hal_rcc.c.obj
 .debug_info    0x000169e9      0x537 CMakeFiles/NFC_Card.elf.dir/Drivers/STM32L0xx_HAL_Driver/Src/stm32l0xx_hal_rcc_ex.c.obj
 .debug_info    0x00016f20     0x4fe1 CMakeFiles/NFC_Card.elf.dir/Drivers/STM32L0xx_HAL_Driver/Src/stm32l0xx_hal_uart.c.obj
 .debug_info    0x0001bf01      0x792 CMakeFiles/NFC_Card.elf.dir/NFC/App/app_x-cube-nfc4.c.obj

.debug_abbrev   0x00000000     0x2f7f
 .debug_abbrev  0x00000000      0x304 CMakeFiles/NFC_Card.elf.dir/Core/Src/custom_bus.c.obj
 .debug_abbrev  0x00000304      0x197 CMakeFiles/NFC_Card.elf.dir/Core/Src/gpio.c.obj
 .debug_abbrev  0x0000049b      0x244 CMakeFiles/NFC_Card.elf.dir/Core/Src/main.c.obj
 .debug_abbrev  0x000006df       0x9d CMakeFiles/NFC_Card.elf.dir/Core/Src/stm32l0xx_hal_msp.c.obj
 .debug_abbrev  0x0000077c      0x12b CMakeFiles/NFC_Card.elf.dir/Core/Src/stm32l0xx_it.c.obj
 .debug_abbrev  0x000008a7      0x136 CMakeFiles/NFC_Card.elf.dir/Core/Src/system_stm32l0xx.c.obj
 .debug_abbrev  0x000009dd      0x20b CMakeFiles/NFC_Card.elf.dir/Core/Src/usart.c.obj
 .debug_abbrev  0x00000be8       0x24 CMakeFiles/NFC_Card.elf.dir/Core/Startup/startup_stm32l051k8ux.s.obj
 .debug_abbrev  0x00000c0c      0x329 CMakeFiles/NFC_Card.elf.dir/Drivers/BSP/Components/ST25DV/st25dv.c.obj
 .debug_abbrev  0x00000f35      0x18e CMakeFiles/NFC_Card.elf.dir/Drivers/BSP/Components/ST25DV/st25dv_reg.c.obj
 .debug_abbrev  0x000010c3      0x24d CMakeFiles/NFC_Card.elf.dir/Drivers/BSP/E-Paper/epd_w21.c.obj
 .debug_abbrev  0x00001310      0x209 CMakeFiles/NFC_Card.elf.dir/Drivers/BSP/NFC04A1/nfc04a1.c.obj
 .debug_abbrev  0x00001519      0x2ae CMakeFiles/NFC_Card.elf.dir/Drivers/BSP/NFC04A1/nfc04a1_nfctag.c.obj
 .debug_abbrev  0x000017c7      0x2a2 CMakeFiles/NFC_Card.elf.dir/Drivers/STM32L0xx_HAL_Driver/Src/stm32l0xx_hal.c.obj
 .debug_abbrev  0x00001a69      0x2f9 CMakeFiles/NFC_Card.elf.dir/Drivers/STM32L0xx_HAL_Driver/Src/stm32l0xx_hal_cortex.c.obj
 .debug_abbrev  0x00001d62      0x1ed CMakeFiles/NFC_Card.elf.dir/Drivers/STM32L0xx_HAL_Driver/Src/stm32l0xx_hal_exti.c.obj
 .debug_abbrev  0x00001f4f      0x1e6 CMakeFiles/NFC_Card.elf.dir/Drivers/STM32L0xx_HAL_Driver/Src/stm32l0xx_hal_gpio.c.obj
 .debug_abbrev  0x00002135      0x2a9 CMakeFiles/NFC_Card.elf.dir/Drivers/STM32L0xx_HAL_Driver/Src/stm32l0xx_hal_i2c.c.obj
 .debug_abbrev  0x000023de      0x1bd CMakeFiles/NFC_Card.elf.dir/Drivers/STM32L0xx_HAL_Driver/Src/stm32l0xx_hal_i2c_ex.c.obj
 .debug_abbrev  0x0000259b      0x2d5 CMakeFiles/NFC_Card.elf.dir/Drivers/STM32L0xx_HAL_Driver/Src/stm32l0xx_hal_rcc.c.obj
 .debug_abbrev  0x00002870      0x1dd CMakeFiles/NFC_Card.elf.dir/Drivers/STM32L0xx_HAL_Driver/Src/stm32l0xx_hal_rcc_ex.c.obj
 .debug_abbrev  0x00002a4d      0x339 CMakeFiles/NFC_Card.elf.dir/Drivers/STM32L0xx_HAL_Driver/Src/stm32l0xx_hal_uart.c.obj
 .debug_abbrev  0x00002d86      0x1f9 CMakeFiles/NFC_Card.elf.dir/NFC/App/app_x-cube-nfc4.c.obj

.debug_loclists
                0x00000000     0xdf5f
 .debug_loclists
                0x00000000      0x4fe CMakeFiles/NFC_Card.elf.dir/Core/Src/custom_bus.c.obj
 .debug_loclists
                0x000004fe      0x127 CMakeFiles/NFC_Card.elf.dir/Core/Src/system_stm32l0xx.c.obj
 .debug_loclists
                0x00000625       0x6b CMakeFiles/NFC_Card.elf.dir/Core/Src/usart.c.obj
 .debug_loclists
                0x00000690     0x2256 CMakeFiles/NFC_Card.elf.dir/Drivers/BSP/Components/ST25DV/st25dv.c.obj
 .debug_loclists
                0x000028e6     0x2c64 CMakeFiles/NFC_Card.elf.dir/Drivers/BSP/Components/ST25DV/st25dv_reg.c.obj
 .debug_loclists
                0x0000554a      0x46c CMakeFiles/NFC_Card.elf.dir/Drivers/BSP/E-Paper/epd_w21.c.obj
 .debug_loclists
                0x000059b6     0x1316 CMakeFiles/NFC_Card.elf.dir/Drivers/BSP/NFC04A1/nfc04a1_nfctag.c.obj
 .debug_loclists
                0x00006ccc      0x105 CMakeFiles/NFC_Card.elf.dir/Drivers/STM32L0xx_HAL_Driver/Src/stm32l0xx_hal.c.obj
 .debug_loclists
                0x00006dd1      0x225 CMakeFiles/NFC_Card.elf.dir/Drivers/STM32L0xx_HAL_Driver/Src/stm32l0xx_hal_cortex.c.obj
 .debug_loclists
                0x00006ff6      0x363 CMakeFiles/NFC_Card.elf.dir/Drivers/STM32L0xx_HAL_Driver/Src/stm32l0xx_hal_exti.c.obj
 .debug_loclists
                0x00007359      0x2af CMakeFiles/NFC_Card.elf.dir/Drivers/STM32L0xx_HAL_Driver/Src/stm32l0xx_hal_gpio.c.obj
 .debug_loclists
                0x00007608     0x3ac9 CMakeFiles/NFC_Card.elf.dir/Drivers/STM32L0xx_HAL_Driver/Src/stm32l0xx_hal_i2c.c.obj
 .debug_loclists
                0x0000b0d1      0x19c CMakeFiles/NFC_Card.elf.dir/Drivers/STM32L0xx_HAL_Driver/Src/stm32l0xx_hal_i2c_ex.c.obj
 .debug_loclists
                0x0000b26d      0x4d8 CMakeFiles/NFC_Card.elf.dir/Drivers/STM32L0xx_HAL_Driver/Src/stm32l0xx_hal_rcc.c.obj
 .debug_loclists
                0x0000b745      0x263 CMakeFiles/NFC_Card.elf.dir/Drivers/STM32L0xx_HAL_Driver/Src/stm32l0xx_hal_rcc_ex.c.obj
 .debug_loclists
                0x0000b9a8     0x25b7 CMakeFiles/NFC_Card.elf.dir/Drivers/STM32L0xx_HAL_Driver/Src/stm32l0xx_hal_uart.c.obj

.debug_aranges  0x00000000     0x1508
 .debug_aranges
                0x00000000       0x80 CMakeFiles/NFC_Card.elf.dir/Core/Src/custom_bus.c.obj
 .debug_aranges
                0x00000080       0x20 CMakeFiles/NFC_Card.elf.dir/Core/Src/gpio.c.obj
 .debug_aranges
                0x000000a0       0x30 CMakeFiles/NFC_Card.elf.dir/Core/Src/main.c.obj
 .debug_aranges
                0x000000d0       0x20 CMakeFiles/NFC_Card.elf.dir/Core/Src/stm32l0xx_hal_msp.c.obj
 .debug_aranges
                0x000000f0       0x58 CMakeFiles/NFC_Card.elf.dir/Core/Src/stm32l0xx_it.c.obj
 .debug_aranges
                0x00000148       0x28 CMakeFiles/NFC_Card.elf.dir/Core/Src/system_stm32l0xx.c.obj
 .debug_aranges
                0x00000170       0x30 CMakeFiles/NFC_Card.elf.dir/Core/Src/usart.c.obj
 .debug_aranges
                0x000001a0       0x28 CMakeFiles/NFC_Card.elf.dir/Core/Startup/startup_stm32l051k8ux.s.obj
 .debug_aranges
                0x000001c8      0x290 CMakeFiles/NFC_Card.elf.dir/Drivers/BSP/Components/ST25DV/st25dv.c.obj
 .debug_aranges
                0x00000458      0x498 CMakeFiles/NFC_Card.elf.dir/Drivers/BSP/Components/ST25DV/st25dv_reg.c.obj
 .debug_aranges
                0x000008f0       0xa8 CMakeFiles/NFC_Card.elf.dir/Drivers/BSP/E-Paper/epd_w21.c.obj
 .debug_aranges
                0x00000998       0x40 CMakeFiles/NFC_Card.elf.dir/Drivers/BSP/NFC04A1/nfc04a1.c.obj
 .debug_aranges
                0x000009d8      0x290 CMakeFiles/NFC_Card.elf.dir/Drivers/BSP/NFC04A1/nfc04a1_nfctag.c.obj
 .debug_aranges
                0x00000c68      0x110 CMakeFiles/NFC_Card.elf.dir/Drivers/STM32L0xx_HAL_Driver/Src/stm32l0xx_hal.c.obj
 .debug_aranges
                0x00000d78       0xb0 CMakeFiles/NFC_Card.elf.dir/Drivers/STM32L0xx_HAL_Driver/Src/stm32l0xx_hal_cortex.c.obj
 .debug_aranges
                0x00000e28       0x60 CMakeFiles/NFC_Card.elf.dir/Drivers/STM32L0xx_HAL_Driver/Src/stm32l0xx_hal_exti.c.obj
 .debug_aranges
                0x00000e88       0x58 CMakeFiles/NFC_Card.elf.dir/Drivers/STM32L0xx_HAL_Driver/Src/stm32l0xx_hal_gpio.c.obj
 .debug_aranges
                0x00000ee0      0x2a0 CMakeFiles/NFC_Card.elf.dir/Drivers/STM32L0xx_HAL_Driver/Src/stm32l0xx_hal_i2c.c.obj
 .debug_aranges
                0x00001180       0x48 CMakeFiles/NFC_Card.elf.dir/Drivers/STM32L0xx_HAL_Driver/Src/stm32l0xx_hal_i2c_ex.c.obj
 .debug_aranges
                0x000011c8       0x80 CMakeFiles/NFC_Card.elf.dir/Drivers/STM32L0xx_HAL_Driver/Src/stm32l0xx_hal_rcc.c.obj
 .debug_aranges
                0x00001248       0x58 CMakeFiles/NFC_Card.elf.dir/Drivers/STM32L0xx_HAL_Driver/Src/stm32l0xx_hal_rcc_ex.c.obj
 .debug_aranges
                0x000012a0      0x228 CMakeFiles/NFC_Card.elf.dir/Drivers/STM32L0xx_HAL_Driver/Src/stm32l0xx_hal_uart.c.obj
 .debug_aranges
                0x000014c8       0x40 CMakeFiles/NFC_Card.elf.dir/NFC/App/app_x-cube-nfc4.c.obj

.debug_rnglists
                0x00000000     0x1003
 .debug_rnglists
                0x00000000       0x5b CMakeFiles/NFC_Card.elf.dir/Core/Src/custom_bus.c.obj
 .debug_rnglists
                0x0000005b       0x14 CMakeFiles/NFC_Card.elf.dir/Core/Src/gpio.c.obj
 .debug_rnglists
                0x0000006f       0x20 CMakeFiles/NFC_Card.elf.dir/Core/Src/main.c.obj
 .debug_rnglists
                0x0000008f       0x13 CMakeFiles/NFC_Card.elf.dir/Core/Src/stm32l0xx_hal_msp.c.obj
 .debug_rnglists
                0x000000a2       0x3d CMakeFiles/NFC_Card.elf.dir/Core/Src/stm32l0xx_it.c.obj
 .debug_rnglists
                0x000000df       0x1a CMakeFiles/NFC_Card.elf.dir/Core/Src/system_stm32l0xx.c.obj
 .debug_rnglists
                0x000000f9       0x1f CMakeFiles/NFC_Card.elf.dir/Core/Src/usart.c.obj
 .debug_rnglists
                0x00000118       0x19 CMakeFiles/NFC_Card.elf.dir/Core/Startup/startup_stm32l051k8ux.s.obj
 .debug_rnglists
                0x00000131      0x1ea CMakeFiles/NFC_Card.elf.dir/Drivers/BSP/Components/ST25DV/st25dv.c.obj
 .debug_rnglists
                0x0000031b      0x36d CMakeFiles/NFC_Card.elf.dir/Drivers/BSP/Components/ST25DV/st25dv_reg.c.obj
 .debug_rnglists
                0x00000688       0x79 CMakeFiles/NFC_Card.elf.dir/Drivers/BSP/E-Paper/epd_w21.c.obj
 .debug_rnglists
                0x00000701       0x2b CMakeFiles/NFC_Card.elf.dir/Drivers/BSP/NFC04A1/nfc04a1.c.obj
 .debug_rnglists
                0x0000072c      0x1e8 CMakeFiles/NFC_Card.elf.dir/Drivers/BSP/NFC04A1/nfc04a1_nfctag.c.obj
 .debug_rnglists
                0x00000914       0xc7 CMakeFiles/NFC_Card.elf.dir/Drivers/STM32L0xx_HAL_Driver/Src/stm32l0xx_hal.c.obj
 .debug_rnglists
                0x000009db       0x8b CMakeFiles/NFC_Card.elf.dir/Drivers/STM32L0xx_HAL_Driver/Src/stm32l0xx_hal_cortex.c.obj
 .debug_rnglists
                0x00000a66       0x45 CMakeFiles/NFC_Card.elf.dir/Drivers/STM32L0xx_HAL_Driver/Src/stm32l0xx_hal_exti.c.obj
 .debug_rnglists
                0x00000aab       0x3f CMakeFiles/NFC_Card.elf.dir/Drivers/STM32L0xx_HAL_Driver/Src/stm32l0xx_hal_gpio.c.obj
 .debug_rnglists
                0x00000aea      0x21d CMakeFiles/NFC_Card.elf.dir/Drivers/STM32L0xx_HAL_Driver/Src/stm32l0xx_hal_i2c.c.obj
 .debug_rnglists
                0x00000d07       0x31 CMakeFiles/NFC_Card.elf.dir/Drivers/STM32L0xx_HAL_Driver/Src/stm32l0xx_hal_i2c_ex.c.obj
 .debug_rnglists
                0x00000d38       0x7e CMakeFiles/NFC_Card.elf.dir/Drivers/STM32L0xx_HAL_Driver/Src/stm32l0xx_hal_rcc.c.obj
 .debug_rnglists
                0x00000db6       0x3f CMakeFiles/NFC_Card.elf.dir/Drivers/STM32L0xx_HAL_Driver/Src/stm32l0xx_hal_rcc_ex.c.obj
 .debug_rnglists
                0x00000df5      0x1e1 CMakeFiles/NFC_Card.elf.dir/Drivers/STM32L0xx_HAL_Driver/Src/stm32l0xx_hal_uart.c.obj
 .debug_rnglists
                0x00000fd6       0x2d CMakeFiles/NFC_Card.elf.dir/NFC/App/app_x-cube-nfc4.c.obj

.debug_line     0x00000000    0x13063
 .debug_line    0x00000000      0x670 CMakeFiles/NFC_Card.elf.dir/Core/Src/custom_bus.c.obj
 .debug_line    0x00000670      0x29d CMakeFiles/NFC_Card.elf.dir/Core/Src/gpio.c.obj
 .debug_line    0x0000090d      0x423 CMakeFiles/NFC_Card.elf.dir/Core/Src/main.c.obj
 .debug_line    0x00000d30      0x165 CMakeFiles/NFC_Card.elf.dir/Core/Src/stm32l0xx_hal_msp.c.obj
 .debug_line    0x00000e95      0x275 CMakeFiles/NFC_Card.elf.dir/Core/Src/stm32l0xx_it.c.obj
 .debug_line    0x0000110a      0x266 CMakeFiles/NFC_Card.elf.dir/Core/Src/system_stm32l0xx.c.obj
 .debug_line    0x00001370      0x335 CMakeFiles/NFC_Card.elf.dir/Core/Src/usart.c.obj
 .debug_line    0x000016a5       0x7b CMakeFiles/NFC_Card.elf.dir/Core/Startup/startup_stm32l051k8ux.s.obj
 .debug_line    0x00001720     0x18e2 CMakeFiles/NFC_Card.elf.dir/Drivers/BSP/Components/ST25DV/st25dv.c.obj
 .debug_line    0x00003002     0x2468 CMakeFiles/NFC_Card.elf.dir/Drivers/BSP/Components/ST25DV/st25dv_reg.c.obj
 .debug_line    0x0000546a      0x5ef CMakeFiles/NFC_Card.elf.dir/Drivers/BSP/E-Paper/epd_w21.c.obj
 .debug_line    0x00005a59      0x2df CMakeFiles/NFC_Card.elf.dir/Drivers/BSP/NFC04A1/nfc04a1.c.obj
 .debug_line    0x00005d38      0xd43 CMakeFiles/NFC_Card.elf.dir/Drivers/BSP/NFC04A1/nfc04a1_nfctag.c.obj
 .debug_line    0x00006a7b      0x679 CMakeFiles/NFC_Card.elf.dir/Drivers/STM32L0xx_HAL_Driver/Src/stm32l0xx_hal.c.obj
 .debug_line    0x000070f4      0x6d3 CMakeFiles/NFC_Card.elf.dir/Drivers/STM32L0xx_HAL_Driver/Src/stm32l0xx_hal_cortex.c.obj
 .debug_line    0x000077c7      0x622 CMakeFiles/NFC_Card.elf.dir/Drivers/STM32L0xx_HAL_Driver/Src/stm32l0xx_hal_exti.c.obj
 .debug_line    0x00007de9      0x6d7 CMakeFiles/NFC_Card.elf.dir/Drivers/STM32L0xx_HAL_Driver/Src/stm32l0xx_hal_gpio.c.obj
 .debug_line    0x000084c0     0x4cf4 CMakeFiles/NFC_Card.elf.dir/Drivers/STM32L0xx_HAL_Driver/Src/stm32l0xx_hal_i2c.c.obj
 .debug_line    0x0000d1b4      0x400 CMakeFiles/NFC_Card.elf.dir/Drivers/STM32L0xx_HAL_Driver/Src/stm32l0xx_hal_i2c_ex.c.obj
 .debug_line    0x0000d5b4      0xe8d CMakeFiles/NFC_Card.elf.dir/Drivers/STM32L0xx_HAL_Driver/Src/stm32l0xx_hal_rcc.c.obj
 .debug_line    0x0000e441      0x763 CMakeFiles/NFC_Card.elf.dir/Drivers/STM32L0xx_HAL_Driver/Src/stm32l0xx_hal_rcc_ex.c.obj
 .debug_line    0x0000eba4     0x40ab CMakeFiles/NFC_Card.elf.dir/Drivers/STM32L0xx_HAL_Driver/Src/stm32l0xx_hal_uart.c.obj
 .debug_line    0x00012c4f      0x414 CMakeFiles/NFC_Card.elf.dir/NFC/App/app_x-cube-nfc4.c.obj

.debug_str      0x00000000     0x5c45
 .debug_str     0x00000000     0x5c45 CMakeFiles/NFC_Card.elf.dir/Core/Src/custom_bus.c.obj
                                0x9e2 (size before relaxing)
 .debug_str     0x00005c45      0x4f3 CMakeFiles/NFC_Card.elf.dir/Core/Src/gpio.c.obj
 .debug_str     0x00005c45      0x58b CMakeFiles/NFC_Card.elf.dir/Core/Src/main.c.obj
 .debug_str     0x00005c45      0x270 CMakeFiles/NFC_Card.elf.dir/Core/Src/stm32l0xx_hal_msp.c.obj
 .debug_str     0x00005c45      0x2f0 CMakeFiles/NFC_Card.elf.dir/Core/Src/stm32l0xx_it.c.obj
 .debug_str     0x00005c45      0x2fd CMakeFiles/NFC_Card.elf.dir/Core/Src/system_stm32l0xx.c.obj
 .debug_str     0x00005c45      0x7c9 CMakeFiles/NFC_Card.elf.dir/Core/Src/usart.c.obj
 .debug_str     0x00005c45       0x91 CMakeFiles/NFC_Card.elf.dir/Core/Startup/startup_stm32l051k8ux.s.obj
 .debug_str     0x00005c45     0x17f5 CMakeFiles/NFC_Card.elf.dir/Drivers/BSP/Components/ST25DV/st25dv.c.obj
 .debug_str     0x00005c45      0xfe4 CMakeFiles/NFC_Card.elf.dir/Drivers/BSP/Components/ST25DV/st25dv_reg.c.obj
 .debug_str     0x00005c45      0x4c9 CMakeFiles/NFC_Card.elf.dir/Drivers/BSP/E-Paper/epd_w21.c.obj
 .debug_str     0x00005c45      0x5d6 CMakeFiles/NFC_Card.elf.dir/Drivers/BSP/NFC04A1/nfc04a1.c.obj
 .debug_str     0x00005c45     0x1a1f CMakeFiles/NFC_Card.elf.dir/Drivers/BSP/NFC04A1/nfc04a1_nfctag.c.obj
 .debug_str     0x00005c45      0x870 CMakeFiles/NFC_Card.elf.dir/Drivers/STM32L0xx_HAL_Driver/Src/stm32l0xx_hal.c.obj
 .debug_str     0x00005c45      0x724 CMakeFiles/NFC_Card.elf.dir/Drivers/STM32L0xx_HAL_Driver/Src/stm32l0xx_hal_cortex.c.obj
 .debug_str     0x00005c45      0x433 CMakeFiles/NFC_Card.elf.dir/Drivers/STM32L0xx_HAL_Driver/Src/stm32l0xx_hal_exti.c.obj
 .debug_str     0x00005c45      0x47d CMakeFiles/NFC_Card.elf.dir/Drivers/STM32L0xx_HAL_Driver/Src/stm32l0xx_hal_gpio.c.obj
 .debug_str     0x00005c45      0xffc CMakeFiles/NFC_Card.elf.dir/Drivers/STM32L0xx_HAL_Driver/Src/stm32l0xx_hal_i2c.c.obj
 .debug_str     0x00005c45      0x87d CMakeFiles/NFC_Card.elf.dir/Drivers/STM32L0xx_HAL_Driver/Src/stm32l0xx_hal_i2c_ex.c.obj
 .debug_str     0x00005c45      0x71d CMakeFiles/NFC_Card.elf.dir/Drivers/STM32L0xx_HAL_Driver/Src/stm32l0xx_hal_rcc.c.obj
 .debug_str     0x00005c45      0x51d CMakeFiles/NFC_Card.elf.dir/Drivers/STM32L0xx_HAL_Driver/Src/stm32l0xx_hal_rcc_ex.c.obj
 .debug_str     0x00005c45      0xfa0 CMakeFiles/NFC_Card.elf.dir/Drivers/STM32L0xx_HAL_Driver/Src/stm32l0xx_hal_uart.c.obj
 .debug_str     0x00005c45      0x633 CMakeFiles/NFC_Card.elf.dir/NFC/App/app_x-cube-nfc4.c.obj

.comment        0x00000000       0x45
 .comment       0x00000000       0x45 CMakeFiles/NFC_Card.elf.dir/Core/Src/custom_bus.c.obj
                                 0x46 (size before relaxing)
 .comment       0x00000045       0x46 CMakeFiles/NFC_Card.elf.dir/Core/Src/gpio.c.obj
 .comment       0x00000045       0x46 CMakeFiles/NFC_Card.elf.dir/Core/Src/main.c.obj
 .comment       0x00000045       0x46 CMakeFiles/NFC_Card.elf.dir/Core/Src/stm32l0xx_hal_msp.c.obj
 .comment       0x00000045       0x46 CMakeFiles/NFC_Card.elf.dir/Core/Src/stm32l0xx_it.c.obj
 .comment       0x00000045       0x46 CMakeFiles/NFC_Card.elf.dir/Core/Src/system_stm32l0xx.c.obj
 .comment       0x00000045       0x46 CMakeFiles/NFC_Card.elf.dir/Core/Src/usart.c.obj
 .comment       0x00000045       0x46 CMakeFiles/NFC_Card.elf.dir/Drivers/BSP/Components/ST25DV/st25dv.c.obj
 .comment       0x00000045       0x46 CMakeFiles/NFC_Card.elf.dir/Drivers/BSP/Components/ST25DV/st25dv_reg.c.obj
 .comment       0x00000045       0x46 CMakeFiles/NFC_Card.elf.dir/Drivers/BSP/E-Paper/epd_w21.c.obj
 .comment       0x00000045       0x46 CMakeFiles/NFC_Card.elf.dir/Drivers/BSP/NFC04A1/nfc04a1.c.obj
 .comment       0x00000045       0x46 CMakeFiles/NFC_Card.elf.dir/Drivers/BSP/NFC04A1/nfc04a1_nfctag.c.obj
 .comment       0x00000045       0x46 CMakeFiles/NFC_Card.elf.dir/Drivers/STM32L0xx_HAL_Driver/Src/stm32l0xx_hal.c.obj
 .comment       0x00000045       0x46 CMakeFiles/NFC_Card.elf.dir/Drivers/STM32L0xx_HAL_Driver/Src/stm32l0xx_hal_cortex.c.obj
 .comment       0x00000045       0x46 CMakeFiles/NFC_Card.elf.dir/Drivers/STM32L0xx_HAL_Driver/Src/stm32l0xx_hal_exti.c.obj
 .comment       0x00000045       0x46 CMakeFiles/NFC_Card.elf.dir/Drivers/STM32L0xx_HAL_Driver/Src/stm32l0xx_hal_gpio.c.obj
 .comment       0x00000045       0x46 CMakeFiles/NFC_Card.elf.dir/Drivers/STM32L0xx_HAL_Driver/Src/stm32l0xx_hal_i2c.c.obj
 .comment       0x00000045       0x46 CMakeFiles/NFC_Card.elf.dir/Drivers/STM32L0xx_HAL_Driver/Src/stm32l0xx_hal_i2c_ex.c.obj
 .comment       0x00000045       0x46 CMakeFiles/NFC_Card.elf.dir/Drivers/STM32L0xx_HAL_Driver/Src/stm32l0xx_hal_rcc.c.obj
 .comment       0x00000045       0x46 CMakeFiles/NFC_Card.elf.dir/Drivers/STM32L0xx_HAL_Driver/Src/stm32l0xx_hal_rcc_ex.c.obj
 .comment       0x00000045       0x46 CMakeFiles/NFC_Card.elf.dir/Drivers/STM32L0xx_HAL_Driver/Src/stm32l0xx_hal_uart.c.obj
 .comment       0x00000045       0x46 CMakeFiles/NFC_Card.elf.dir/NFC/App/app_x-cube-nfc4.c.obj

.debug_frame    0x00000000     0x3d78
 .debug_frame   0x00000000      0x174 CMakeFiles/NFC_Card.elf.dir/Core/Src/custom_bus.c.obj
 .debug_frame   0x00000174       0x30 CMakeFiles/NFC_Card.elf.dir/Core/Src/gpio.c.obj
 .debug_frame   0x000001a4       0x54 CMakeFiles/NFC_Card.elf.dir/Core/Src/main.c.obj
 .debug_frame   0x000001f8       0x20 CMakeFiles/NFC_Card.elf.dir/Core/Src/stm32l0xx_hal_msp.c.obj
 .debug_frame   0x00000218       0xa8 CMakeFiles/NFC_Card.elf.dir/Core/Src/stm32l0xx_it.c.obj
 .debug_frame   0x000002c0       0x38 CMakeFiles/NFC_Card.elf.dir/Core/Src/system_stm32l0xx.c.obj
 .debug_frame   0x000002f8       0x5c CMakeFiles/NFC_Card.elf.dir/Core/Src/usart.c.obj
 .debug_frame   0x00000354      0x850 CMakeFiles/NFC_Card.elf.dir/Drivers/BSP/Components/ST25DV/st25dv.c.obj
 .debug_frame   0x00000ba4      0xe50 CMakeFiles/NFC_Card.elf.dir/Drivers/BSP/Components/ST25DV/st25dv_reg.c.obj
 .debug_frame   0x000019f4      0x1f4 CMakeFiles/NFC_Card.elf.dir/Drivers/BSP/E-Paper/epd_w21.c.obj
 .debug_frame   0x00001be8       0x84 CMakeFiles/NFC_Card.elf.dir/Drivers/BSP/NFC04A1/nfc04a1.c.obj
 .debug_frame   0x00001c6c      0x76c CMakeFiles/NFC_Card.elf.dir/Drivers/BSP/NFC04A1/nfc04a1_nfctag.c.obj
 .debug_frame   0x000023d8      0x22c CMakeFiles/NFC_Card.elf.dir/Drivers/STM32L0xx_HAL_Driver/Src/stm32l0xx_hal.c.obj
 .debug_frame   0x00002604      0x174 CMakeFiles/NFC_Card.elf.dir/Drivers/STM32L0xx_HAL_Driver/Src/stm32l0xx_hal_cortex.c.obj
 .debug_frame   0x00002778       0xcc CMakeFiles/NFC_Card.elf.dir/Drivers/STM32L0xx_HAL_Driver/Src/stm32l0xx_hal_exti.c.obj
 .debug_frame   0x00002844       0xc0 CMakeFiles/NFC_Card.elf.dir/Drivers/STM32L0xx_HAL_Driver/Src/stm32l0xx_hal_gpio.c.obj
 .debug_frame   0x00002904      0x8b0 CMakeFiles/NFC_Card.elf.dir/Drivers/STM32L0xx_HAL_Driver/Src/stm32l0xx_hal_i2c.c.obj
 .debug_frame   0x000031b4       0xa8 CMakeFiles/NFC_Card.elf.dir/Drivers/STM32L0xx_HAL_Driver/Src/stm32l0xx_hal_i2c_ex.c.obj
 .debug_frame   0x0000325c      0x140 CMakeFiles/NFC_Card.elf.dir/Drivers/STM32L0xx_HAL_Driver/Src/stm32l0xx_hal_rcc.c.obj
 .debug_frame   0x0000339c       0xac CMakeFiles/NFC_Card.elf.dir/Drivers/STM32L0xx_HAL_Driver/Src/stm32l0xx_hal_rcc_ex.c.obj
 .debug_frame   0x00003448      0x630 CMakeFiles/NFC_Card.elf.dir/Drivers/STM32L0xx_HAL_Driver/Src/stm32l0xx_hal_uart.c.obj
 .debug_frame   0x00003a78       0x84 CMakeFiles/NFC_Card.elf.dir/NFC/App/app_x-cube-nfc4.c.obj
 .debug_frame   0x00003afc       0x20 C:/Software/arm-gnu-toolchain/bin/../lib/gcc/arm-none-eabi/13.3.1/thumb/v6-m/nofp\libgcc.a(_udivsi3.o)
 .debug_frame   0x00003b1c       0x34 C:/Software/arm-gnu-toolchain/bin/../lib/gcc/arm-none-eabi/13.3.1/thumb/v6-m/nofp\libgcc.a(_muldi3.o)
 .debug_frame   0x00003b50       0x3c C:/Software/arm-gnu-toolchain/bin/../lib/gcc/arm-none-eabi/13.3.1/thumb/v6-m/nofp\libgcc.a(_udivmoddi4.o)
 .debug_frame   0x00003b8c       0x30 C:/Software/arm-gnu-toolchain/bin/../lib/gcc/arm-none-eabi/13.3.1/thumb/v6-m/nofp\libg.a(libc_a-memset.o)
 .debug_frame   0x00003bbc       0x2c C:/Software/arm-gnu-toolchain/bin/../lib/gcc/arm-none-eabi/13.3.1/thumb/v6-m/nofp\libg.a(libc_a-init.o)
 .debug_frame   0x00003be8       0xb0 C:/Software/arm-gnu-toolchain/bin/../lib/gcc/arm-none-eabi/13.3.1/thumb/v6-m/nofp\libg.a(libc_a-lock.o)
 .debug_frame   0x00003c98       0x54 C:/Software/arm-gnu-toolchain/bin/../lib/gcc/arm-none-eabi/13.3.1/thumb/v6-m/nofp\libg.a(libc_a-__call_atexit.o)
 .debug_frame   0x00003cec       0x28 C:/Software/arm-gnu-toolchain/bin/../lib/gcc/arm-none-eabi/13.3.1/thumb/v6-m/nofp\libg.a(libc_a-atexit.o)
 .debug_frame   0x00003d14       0x2c C:/Software/arm-gnu-toolchain/bin/../lib/gcc/arm-none-eabi/13.3.1/thumb/v6-m/nofp\libg.a(libc_a-fini.o)
 .debug_frame   0x00003d40       0x38 C:/Software/arm-gnu-toolchain/bin/../lib/gcc/arm-none-eabi/13.3.1/thumb/v6-m/nofp\libg.a(libc_a-__atexit.o)

.debug_line_str
                0x00000000      0x14a
 .debug_line_str
                0x00000000      0x14a CMakeFiles/NFC_Card.elf.dir/Core/Startup/startup_stm32l051k8ux.s.obj
                                 0x75 (size before relaxing)
 .debug_line_str
                0x0000014a       0xc9 C:/Software/arm-gnu-toolchain/bin/../lib/gcc/arm-none-eabi/13.3.1/thumb/v6-m/nofp\libgcc.a(_udivsi3.o)
 .debug_line_str
                0x0000014a       0xc9 C:/Software/arm-gnu-toolchain/bin/../lib/gcc/arm-none-eabi/13.3.1/thumb/v6-m/nofp\libgcc.a(_dvmd_tls.o)
 .debug_line_str
                0x0000014a       0xc9 C:/Software/arm-gnu-toolchain/bin/../lib/gcc/arm-none-eabi/13.3.1/thumb/v6-m/nofp\libgcc.a(_aeabi_uldivmod.o)
 .debug_line_str
                0x0000014a       0xc9 C:/Software/arm-gnu-toolchain/bin/../lib/gcc/arm-none-eabi/13.3.1/thumb/v6-m/nofp\libgcc.a(_clzdi2.o)
 .debug_line_str
                0x0000014a       0xc9 C:/Software/arm-gnu-toolchain/bin/../lib/gcc/arm-none-eabi/13.3.1/thumb/v6-m/nofp\libgcc.a(_clzsi2.o)
